Archive member included to satisfy reference by file (symbol)

app/libapp.a(main.c.obj)      (--whole-archive)
app/libapp.a(saadc_examples_common.c.obj)
                              (--whole-archive)
zephyr/libzephyr.a(cbprintf_packaged.c.obj)
                              (--whole-archive)
zephyr/libzephyr.a(dec.c.obj)
                              (--whole-archive)
zephyr/libzephyr.a(fdtable.c.obj)
                              (--whole-archive)
zephyr/libzephyr.a(hex.c.obj)
                              (--whole-archive)
zephyr/libzephyr.a(printk.c.obj)
                              (--whole-archive)
zephyr/libzephyr.a(rb.c.obj)  (--whole-archive)
zephyr/libzephyr.a(sem.c.obj)
                              (--whole-archive)
zephyr/libzephyr.a(thread_entry.c.obj)
                              (--whole-archive)
zephyr/libzephyr.a(timeutil.c.obj)
                              (--whole-archive)
zephyr/libzephyr.a(heap.c.obj)
                              (--whole-archive)
zephyr/libzephyr.a(heap-validate.c.obj)
                              (--whole-archive)
zephyr/libzephyr.a(bitarray.c.obj)
                              (--whole-archive)
zephyr/libzephyr.a(multi_heap.c.obj)
                              (--whole-archive)
zephyr/libzephyr.a(onoff.c.obj)
                              (--whole-archive)
zephyr/libzephyr.a(notify.c.obj)
                              (--whole-archive)
zephyr/libzephyr.a(crc32c_sw.c.obj)
                              (--whole-archive)
zephyr/libzephyr.a(crc32_sw.c.obj)
                              (--whole-archive)
zephyr/libzephyr.a(crc16_sw.c.obj)
                              (--whole-archive)
zephyr/libzephyr.a(crc8_sw.c.obj)
                              (--whole-archive)
zephyr/libzephyr.a(crc7_sw.c.obj)
                              (--whole-archive)
zephyr/libzephyr.a(cbprintf_complete.c.obj)
                              (--whole-archive)
zephyr/libzephyr.a(cbprintf.c.obj)
                              (--whole-archive)
zephyr/libzephyr.a(assert.c.obj)
                              (--whole-archive)
zephyr/libzephyr.a(reboot.c.obj)
                              (--whole-archive)
zephyr/libzephyr.a(configs.c.obj)
                              (--whole-archive)
zephyr/libzephyr.a(soc_nrf_common.S.obj)
                              (--whole-archive)
zephyr/libzephyr.a(validate_base_addresses.c.obj)
                              (--whole-archive)
zephyr/libzephyr.a(validate_enabled_instances.c.obj)
                              (--whole-archive)
zephyr/libzephyr.a(log_core.c.obj)
                              (--whole-archive)
zephyr/libzephyr.a(log_mgmt.c.obj)
                              (--whole-archive)
zephyr/libzephyr.a(log_cache.c.obj)
                              (--whole-archive)
zephyr/libzephyr.a(log_msg.c.obj)
                              (--whole-archive)
zephyr/libzephyr.a(log_output.c.obj)
                              (--whole-archive)
zephyr/libzephyr.a(log_backend_rtt.c.obj)
                              (--whole-archive)
zephyr/libzephyr.a(log_backend_uart.c.obj)
                              (--whole-archive)
zephyr/libzephyr.a(pm.c.obj)  (--whole-archive)
zephyr/libzephyr.a(policy.c.obj)
                              (--whole-archive)
zephyr/libzephyr.a(state.c.obj)
                              (--whole-archive)
zephyr/libzephyr.a(tracing_none.c.obj)
                              (--whole-archive)
zephyr/libzephyr.a(nrf_cc3xx_platform_abort_zephyr.c.obj)
                              (--whole-archive)
zephyr/libzephyr.a(nrf_cc3xx_platform_mutex_zephyr.c.obj)
                              (--whole-archive)
zephyr/arch/common/libarch__common.a(sw_isr_common.c.obj)
                              (--whole-archive)
zephyr/arch/arch/arm/core/aarch32/libarch__arm__core__aarch32.a(cpu_idle.S.obj)
                              (--whole-archive)
zephyr/arch/arch/arm/core/aarch32/libarch__arm__core__aarch32.a(fatal.c.obj)
                              (--whole-archive)
zephyr/arch/arch/arm/core/aarch32/libarch__arm__core__aarch32.a(irq_manage.c.obj)
                              (--whole-archive)
zephyr/arch/arch/arm/core/aarch32/libarch__arm__core__aarch32.a(nmi.c.obj)
                              (--whole-archive)
zephyr/arch/arch/arm/core/aarch32/libarch__arm__core__aarch32.a(nmi_on_reset.S.obj)
                              (--whole-archive)
zephyr/arch/arch/arm/core/aarch32/libarch__arm__core__aarch32.a(prep_c.c.obj)
                              (--whole-archive)
zephyr/arch/arch/arm/core/aarch32/libarch__arm__core__aarch32.a(swap.c.obj)
                              (--whole-archive)
zephyr/arch/arch/arm/core/aarch32/libarch__arm__core__aarch32.a(swap_helper.S.obj)
                              (--whole-archive)
zephyr/arch/arch/arm/core/aarch32/libarch__arm__core__aarch32.a(thread.c.obj)
                              (--whole-archive)
zephyr/arch/arch/arm/core/aarch32/libarch__arm__core__aarch32.a(isr_wrapper.S.obj)
[...]
Memory Configuration

Name             Origin             Length             Attributes
FLASH            0x0000000000000000 0x0000000000100000 xr
RAM              0x0000000020000000 0x0000000000040000 xw
IDT_LIST         0x00000000fffff7ff 0x0000000000000800 xw
*default*        0x0000000000000000 0xffffffffffffffff

Linker script and memory map

LOAD zephyr/CMakeFiles/zephyr_final.dir/misc/empty_file.c.obj
LOAD zephyr/CMakeFiles/zephyr_final.dir/dev_handles.c.obj
LOAD zephyr/CMakeFiles/zephyr_final.dir/isr_tables.c.obj
LOAD app/libapp.a
LOAD zephyr/libzephyr.a
LOAD zephyr/arch/common/libarch__common.a
LOAD zephyr/arch/arch/arm/core/aarch32/libarch__arm__core__aarch32.a
LOAD zephyr/arch/arch/arm/core/aarch32/cortex_m/libarch__arm__core__aarch32__cortex_m.a
LOAD zephyr/arch/arch/arm/core/aarch32/mpu/libarch__arm__core__aarch32__mpu.a
LOAD zephyr/lib/libc/newlib/liblib__libc__newlib.a
LOAD zephyr/soc/arm/common/cortex_m/libsoc__arm__common__cortex_m.a
LOAD zephyr/soc/arm/nordic_nrf/nrf52/libsoc__arm__nordic_nrf__nrf52.a
LOAD zephyr/drivers/adc/libdrivers__adc.a
LOAD zephyr/drivers/clock_control/libdrivers__clock_control.a
LOAD zephyr/drivers/console/libdrivers__console.a
LOAD zephyr/drivers/gpio/libdrivers__gpio.a
LOAD zephyr/drivers/pinctrl/libdrivers__pinctrl.a
LOAD zephyr/drivers/pwm/libdrivers__pwm.a
LOAD zephyr/drivers/serial/libdrivers__serial.a
LOAD zephyr/drivers/timer/libdrivers__timer.a
LOAD modules/nrf/lib/fatal_error/lib..__nrf__lib__fatal_error.a
LOAD modules/nrf/drivers/hw_cc310/lib..__nrf__drivers__hw_cc310.a
LOAD modules/hal_nordic/nrfx/libmodules__hal_nordic__nrfx.a
LOAD modules/segger/libmodules__segger.a
LOAD zephyr/kernel/libkernel.a
LOAD zephyr/CMakeFiles/offsets.dir/./arch/arm/core/offsets/offsets.c.obj
LOAD c:/ncs/toolchains/31f4403e35/opt/zephyr-sdk/arm-zephyr-eabi/bin/../lib/gcc/arm-zephyr-eabi/12.2.0/thumb/v7e-m/nofp\libgcc.a
LOAD zephyr/arch/common/libisr_tables.a
LOAD C:/ncs/toolchains/31f4403e35/opt/zephyr-sdk/arm-zephyr-eabi/arm-zephyr-eabi/lib/thumb/v7e-m/nofp\libm_nano.a
LOAD C:/ncs/toolchains/31f4403e35/opt/zephyr-sdk/arm-zephyr-eabi/arm-zephyr-eabi/lib/thumb/v7e-m/nofp\libc_nano.a
LOAD c:/ncs/toolchains/31f4403e35/opt/zephyr-sdk/arm-zephyr-eabi/bin/../lib/gcc/arm-zephyr-eabi/12.2.0/thumb/v7e-m/nofp\libgcc.a
LOAD C:/ncs/toolchains/31f4403e35/opt/zephyr-sdk/arm-zephyr-eabi/arm-zephyr-eabi/lib/thumb/v7e-m/nofp\libc_nano.a
LOAD C:/ncs/v2.4.2/nrfxlib/crypto/nrf_cc310_platform/lib/cortex-m4/soft-float/no-interrupts/libnrf_cc310_platform_0.9.17.a
LOAD C:/ncs/toolchains/31f4403e35/opt/zephyr-sdk/arm-zephyr-eabi/arm-zephyr-eabi/lib/thumb/v7e-m/nofp\libc_nano.a
                0x0000000000000020                _region_min_align = 0x20

.rel.plt        0x0000000000000000        0x0
 *(SORT_BY_ALIGNMENT(.rel.plt))
                [!provide]                        PROVIDE (__rel_iplt_start = .)
 *(SORT_BY_ALIGNMENT(.rel.iplt))
 .rel.iplt      0x0000000000000000        0x0 zephyr/CMakeFiles/zephyr_final.dir/isr_tables.c.obj
                [!provide]                        PROVIDE (__rel_iplt_end = .)

.rela.plt       0x0000000000000000        0x0
 *(SORT_BY_ALIGNMENT(.rela.plt))
                [!provide]                        PROVIDE (__rela_iplt_start = .)
 *(SORT_BY_ALIGNMENT(.rela.iplt))
                [!provide]                        PROVIDE (__rela_iplt_end = .)

.rel.dyn
 *(SORT_BY_ALIGNMENT(.rel.*))

.rela.dyn
 *(SORT_BY_ALIGNMENT(.rela.*))

/DISCARD/
 *(SORT_BY_ALIGNMENT(.plt))

/DISCARD/
 *(SORT_BY_ALIGNMENT(.iplt))
                0x0000000000000000                __rom_region_start = 0x0

rom_start       0x0000000000000000      0x100
                0x0000000000000000                . = 0x0
                0x0000000000000000                . = ALIGN (0x4)
                0x0000000000000000                . = ALIGN (0x80)
                0x0000000000000000                . = ALIGN (0x100)
                0x0000000000000000                _vector_start = .
 *(SORT_BY_ALIGNMENT(.exc_vector_table))
 *(SORT_BY_ALIGNMENT(.exc_vector_table.*))
 .exc_vector_table._vector_table_section
                0x0000000000000000       0x40 zephyr/arch/arch/arm/core/aarch32/cortex_m/libarch__arm__core__aarch32__cortex_m.a(vector_table.S.obj)
                0x0000000000000000                _vector_table
 *(SORT_BY_ALIGNMENT(.vectors))
                0x0000000000000100                _vector_end = .
                0x0000000000000040                . = ALIGN (0x4)
 *(SORT_BY_ALIGNMENT(.gnu.linkonce.irq_vector_table*))
 .gnu.linkonce.irq_vector_table
                0x0000000000000040       0xc0 zephyr/CMakeFiles/zephyr_final.dir/isr_tables.c.obj
                0x0000000000000040                _irq_vector_table
                0x0000000000000100                _vector_end = .

text            0x0000000000000100     0xad64
                0x0000000000000100                __text_region_start = .
 *(SORT_BY_ALIGNMENT(.text))
 .text          0x0000000000000100      0x378 c:/ncs/toolchains/31f4403e35/opt/zephyr-sdk/arm-zephyr-eabi/bin/../lib/gcc/arm-zephyr-eabi/12.2.0/thumb/v7e-m/nofp\libgcc.a(_arm_addsubdf3.o)
                0x0000000000000100                __aeabi_drsub
                0x0000000000000108                __aeabi_dsub
                0x0000000000000108                __subdf3
                0x000000000000010c                __aeabi_dadd
                0x000000000000010c                __adddf3
                0x0000000000000384                __floatunsidf
                0x0000000000000384                __aeabi_ui2d
                0x00000000000003a4                __floatsidf
                0x00000000000003a4                __aeabi_i2d
                0x00000000000003c8                __aeabi_f2d
                0x00000000000003c8                __extendsfdf2
                0x000000000000040c                __floatundidf
                0x000000000000040c                __aeabi_ul2d
                0x000000000000041c                __floatdidf
                0x000000000000041c                __aeabi_l2d
 .text          0x0000000000000478      0x424 c:/ncs/toolchains/31f4403e35/opt/zephyr-sdk/arm-zephyr-eabi/bin/../lib/gcc/arm-zephyr-eabi/12.2.0/thumb/v7e-m/nofp\libgcc.a(_arm_muldivdf3.o)
                0x0000000000000478                __aeabi_dmul
                0x0000000000000478                __muldf3
                0x00000000000006cc                __divdf3
                0x00000000000006cc                __aeabi_ddiv
 .text          0x000000000000089c       0x50 c:/ncs/toolchains/31f4403e35/opt/zephyr-sdk/arm-zephyr-eabi/bin/../lib/gcc/arm-zephyr-eabi/12.2.0/thumb/v7e-m/nofp\libgcc.a(_arm_fixdfsi.o)
                0x000000000000089c                __aeabi_d2iz
                0x000000000000089c                __fixdfsi
 .text          0x00000000000008ec       0xa0 c:/ncs/toolchains/31f4403e35/opt/zephyr-sdk/arm-zephyr-eabi/bin/../lib/gcc/arm-zephyr-eabi/12.2.0/thumb/v7e-m/nofp\libgcc.a(_arm_truncdfsf2.o)
                0x00000000000008ec                __truncdfsf2
                0x00000000000008ec                __aeabi_d2f
 .text          0x000000000000098c      0x21c c:/ncs/toolchains/31f4403e35/opt/zephyr-sdk/arm-zephyr-eabi/bin/../lib/gcc/arm-zephyr-eabi/12.2.0/thumb/v7e-m/nofp\libgcc.a(_arm_addsubsf3.o)
                0x000000000000098c                __aeabi_frsub
                0x0000000000000994                __subsf3
                0x0000000000000994                __aeabi_fsub
                0x0000000000000998                __aeabi_fadd
                0x0000000000000998                __addsf3
                0x0000000000000af8                __aeabi_ui2f
                0x0000000000000af8                __floatunsisf
                0x0000000000000b00                __aeabi_i2f
                0x0000000000000b00                __floatsisf
                0x0000000000000b1c                __aeabi_ul2f
                0x0000000000000b1c                __floatundisf
                0x0000000000000b2c                __aeabi_l2f
                0x0000000000000b2c                __floatdisf
 .text          0x0000000000000ba8      0x2a0 c:/ncs/toolchains/31f4403e35/opt/zephyr-sdk/arm-zephyr-eabi/bin/../lib/gcc/arm-zephyr-eabi/12.2.0/thumb/v7e-m/nofp\libgcc.a(_arm_muldivsf3.o)
                0x0000000000000ba8                __mulsf3
                0x0000000000000ba8                __aeabi_fmul
                0x0000000000000d10                __aeabi_fdiv
                0x0000000000000d10                __divsf3
 .text          0x0000000000000e48       0x30 c:/ncs/toolchains/31f4403e35/opt/zephyr-sdk/arm-zephyr-eabi/bin/../lib/gcc/arm-zephyr-eabi/12.2.0/thumb/v7e-m/nofp\libgcc.a(_aeabi_uldivmod.o)
                0x0000000000000e48                __aeabi_uldivmod
 .text          0x0000000000000e78        0x4 c:/ncs/toolchains/31f4403e35/opt/zephyr-sdk/arm-zephyr-eabi/bin/../lib/gcc/arm-zephyr-eabi/12.2.0/thumb/v7e-m/nofp\libgcc.a(_dvmd_tls.o)
                0x0000000000000e78                __aeabi_idiv0
                0x0000000000000e78                __aeabi_ldiv0
 .text          0x0000000000000e7c      0x2a0 c:/ncs/toolchains/31f4403e35/opt/zephyr-sdk/arm-zephyr-eabi/bin/../lib/gcc/arm-zephyr-eabi/12.2.0/thumb/v7e-m/nofp\libgcc.a(_udivmoddi4.o)
                0x0000000000000e7c                __udivmoddi4
 .text          0x000000000000111c       0x10 C:/ncs/toolchains/31f4403e35/opt/zephyr-sdk/arm-zephyr-eabi/arm-zephyr-eabi/lib/thumb/v7e-m/nofp\libc_nano.a(lib_a-strlen.o)
                0x000000000000111c                strlen
 *(SORT_BY_ALIGNMENT(.text.*))
 *fill*         0x000000000000112c        0x4 
 .text.AnalogRead
                0x0000000000001130       0x88 app/libapp.a(main.c.obj)
                0x0000000000001130                AnalogRead
 .text.analog_read_on_nrf
                0x00000000000011b8       0x78 app/libapp.a(main.c.obj)
                0x00000000000011b8                analog_read_on_nrf
 .text.gpio_pin_set.isra.0
                0x0000000000001230       0x5c app/libapp.a(main.c.obj)
 .text.gpio_pin_configure_dt.constprop.0.isra.0
                0x000000000000128c       0xa8 app/libapp.a(main.c.obj)
 .text.main     0x0000000000001334       0xfc app/libapp.a(main.c.obj)
                0x0000000000001334                main
 .text.cbvprintf_package
                0x0000000000001430      0x43c zephyr/libzephyr.a(cbprintf_packaged.c.obj)
                0x0000000000001430                cbvprintf_package
 .text.__printk_hook_install
                0x000000000000186c        0xc zephyr/libzephyr.a(printk.c.obj)
                0x000000000000186c                __printk_hook_install
 .text.process_event
                0x0000000000001878      0x3a8 zephyr/libzephyr.a(onoff.c.obj)
 .text.transition_complete
                0x0000000000001c20       0x64 zephyr/libzephyr.a(onoff.c.obj)
 .text.onoff_request
                0x0000000000001c84      0x130 zephyr/libzephyr.a(onoff.c.obj)
                0x0000000000001c84                onoff_request
 .text.sys_notify_finalize
                0x0000000000001db4       0x58 zephyr/libzephyr.a(notify.c.obj)
                0x0000000000001db4                sys_notify_finalize
 .text.extract_decimal
                0x0000000000001e0c       0x2c zephyr/libzephyr.a(cbprintf_complete.c.obj)
 .text.encode_uint
                0x0000000000001e38       0x98 zephyr/libzephyr.a(cbprintf_complete.c.obj)
 .text.z_cbvprintf_impl
                0x0000000000001ed0      0x754 zephyr/libzephyr.a(cbprintf_complete.c.obj)
                0x0000000000001ed0                z_cbvprintf_impl
 .text.sys_reboot
                0x0000000000002624       0x30 zephyr/libzephyr.a(reboot.c.obj)
                0x0000000000002624                sys_reboot
 .text.z_arm_platform_init
                0x0000000000002654        0x4 zephyr/libzephyr.a(soc_nrf_common.S.obj)
                0x0000000000002654                z_arm_platform_init
 .text.z_log_init.isra.0
                0x0000000000002658      0x124 zephyr/libzephyr.a(log_core.c.obj)
 .text.log_format_func_t_get
                0x000000000000277c        0xc zephyr/libzephyr.a(log_core.c.obj)
                0x000000000000277c                log_format_func_t_get
 .text.log_set_timestamp_func
                0x0000000000002788       0x20 zephyr/libzephyr.a(log_core.c.obj)
                0x0000000000002788                log_set_timestamp_func
 .text.log_core_init
                0x00000000000027a8       0x28 zephyr/libzephyr.a(log_core.c.obj)
                0x00000000000027a8                log_core_init
 .text.z_impl_log_panic
                0x00000000000027d0       0x6c zephyr/libzephyr.a(log_core.c.obj)
                0x00000000000027d0                z_impl_log_panic
 .text.z_log_dropped
                0x000000000000283c       0x30 zephyr/libzephyr.a(log_core.c.obj)
                0x000000000000283c                z_log_dropped
 .text.z_log_msg_commit
                0x000000000000286c       0x68 zephyr/libzephyr.a(log_core.c.obj)
                0x000000000000286c                z_log_msg_commit
 .text.log_source_name_get
                0x00000000000028d4       0x1c zephyr/libzephyr.a(log_mgmt.c.obj)
                0x00000000000028d4                log_source_name_get
 .text.log_backend_enable
                0x00000000000028f0       0x4c zephyr/libzephyr.a(log_mgmt.c.obj)
                0x00000000000028f0                log_backend_enable
 .text.z_impl_z_log_msg_runtime_vcreate
                0x000000000000293c       0xc0 zephyr/libzephyr.a(log_msg.c.obj)
                0x000000000000293c                z_impl_z_log_msg_runtime_vcreate
 .text.print_formatted
                0x00000000000029fc       0x24 zephyr/libzephyr.a(log_output.c.obj)
 .text.newline_print
                0x0000000000002a20       0x1c zephyr/libzephyr.a(log_output.c.obj)
 .text.log_output_process
                0x0000000000002a3c      0x2d0 zephyr/libzephyr.a(log_output.c.obj)
                0x0000000000002a3c                log_output_process
 .text.log_output_msg_process
                0x0000000000002d0c       0x6c zephyr/libzephyr.a(log_output.c.obj)
                0x0000000000002d0c                log_output_msg_process
 .text.log_output_timestamp_freq_set
                0x0000000000002d78       0x2c zephyr/libzephyr.a(log_output.c.obj)
                0x0000000000002d78                log_output_timestamp_freq_set
 .text.log_backend_rtt_init
                0x0000000000002da4        0xc zephyr/libzephyr.a(log_backend_rtt.c.obj)
 .text.format_set
                0x0000000000002db0        0xc zephyr/libzephyr.a(log_backend_rtt.c.obj)
 .text.panic    0x0000000000002dbc       0x14 zephyr/libzephyr.a(log_backend_rtt.c.obj)
 .text.process  0x0000000000002dd0       0x24 zephyr/libzephyr.a(log_backend_rtt.c.obj)
 .text.data_out_block_mode
                0x0000000000002df4       0x70 zephyr/libzephyr.a(log_backend_rtt.c.obj)
 .text.format_set
                0x0000000000002e64        0xc zephyr/libzephyr.a(log_backend_uart.c.obj)
 .text.panic    0x0000000000002e70       0x14 zephyr/libzephyr.a(log_backend_uart.c.obj)
 .text.process  0x0000000000002e84       0x24 zephyr/libzephyr.a(log_backend_uart.c.obj)
 .text.char_out
                0x0000000000002ea8       0x24 zephyr/libzephyr.a(log_backend_uart.c.obj)
 .text.log_backend_uart_init
                0x0000000000002ecc       0x30 zephyr/libzephyr.a(log_backend_uart.c.obj)
 .text.pm_state_notify
                0x0000000000002efc       0xc0 zephyr/libzephyr.a(pm.c.obj)
 .text.pm_system_resume
                0x0000000000002fbc       0x78 zephyr/libzephyr.a(pm.c.obj)
                0x0000000000002fbc                pm_system_resume
 .text.pm_system_suspend
                0x0000000000003034      0x15c zephyr/libzephyr.a(pm.c.obj)
                0x0000000000003034                pm_system_suspend
 .text.pm_policy_next_state
                0x0000000000003190       0x94 zephyr/libzephyr.a(policy.c.obj)
                0x0000000000003190                pm_policy_next_state
 .text.pm_state_cpu_get_all
                0x0000000000003224       0x10 zephyr/libzephyr.a(state.c.obj)
                0x0000000000003224                pm_state_cpu_get_all
 .text.nrf_cc3xx_platform_abort_init
                0x0000000000003234        0xc zephyr/libzephyr.a(nrf_cc3xx_platform_abort_zephyr.c.obj)
                0x0000000000003234                nrf_cc3xx_platform_abort_init
 .text.mutex_free_platform
                0x0000000000003240       0x54 zephyr/libzephyr.a(nrf_cc3xx_platform_mutex_zephyr.c.obj)
 .text.mutex_lock_platform
                0x0000000000003294       0x60 zephyr/libzephyr.a(nrf_cc3xx_platform_mutex_zephyr.c.obj)
 .text.mutex_unlock_platform
                0x00000000000032f4       0x58 zephyr/libzephyr.a(nrf_cc3xx_platform_mutex_zephyr.c.obj)
 .text.mutex_init_platform
                0x000000000000334c       0x94 zephyr/libzephyr.a(nrf_cc3xx_platform_mutex_zephyr.c.obj)
 .text.nrf_cc3xx_platform_mutex_init
                0x00000000000033e0       0x2c zephyr/libzephyr.a(nrf_cc3xx_platform_mutex_zephyr.c.obj)
                0x00000000000033e0                nrf_cc3xx_platform_mutex_init
 .text.z_arm_cpu_idle_init
                0x000000000000340c        0xc zephyr/arch/arch/arm/core/aarch32/libarch__arm__core__aarch32.a(cpu_idle.S.obj)
                0x000000000000340c                z_arm_cpu_idle_init
 .text.arch_cpu_idle
                0x0000000000003418       0x1c zephyr/arch/arch/arm/core/aarch32/libarch__arm__core__aarch32.a(cpu_idle.S.obj)
                0x0000000000003418                arch_cpu_idle
 .text.arch_cpu_atomic_idle
                0x0000000000003434       0x18 zephyr/arch/arch/arm/core/aarch32/libarch__arm__core__aarch32.a(cpu_idle.S.obj)
                0x0000000000003434                arch_cpu_atomic_idle
 .text.z_arm_fatal_error
                0x000000000000344c       0xa0 zephyr/arch/arch/arm/core/aarch32/libarch__arm__core__aarch32.a(fatal.c.obj)
                0x000000000000344c                z_arm_fatal_error
 .text.arch_irq_enable
                0x00000000000034ec       0x1c zephyr/arch/arch/arm/core/aarch32/libarch__arm__core__aarch32.a(irq_manage.c.obj)
                0x00000000000034ec                arch_irq_enable
 .text.arch_irq_disable
                0x0000000000003508       0x28 zephyr/arch/arch/arm/core/aarch32/libarch__arm__core__aarch32.a(irq_manage.c.obj)
                0x0000000000003508                arch_irq_disable
 .text.arch_irq_is_enabled
                0x0000000000003530       0x1c zephyr/arch/arch/arm/core/aarch32/libarch__arm__core__aarch32.a(irq_manage.c.obj)
                0x0000000000003530                arch_irq_is_enabled
 .text.z_arm_irq_priority_set
                0x000000000000354c       0x68 zephyr/arch/arch/arm/core/aarch32/libarch__arm__core__aarch32.a(irq_manage.c.obj)
                0x000000000000354c                z_arm_irq_priority_set
 .text.z_SysNmiOnReset
                0x00000000000035b4        0x8 zephyr/arch/arch/arm/core/aarch32/libarch__arm__core__aarch32.a(nmi_on_reset.S.obj)
                0x00000000000035b4                z_SysNmiOnReset
 .text.z_arm_prep_c
                0x00000000000035bc       0x38 zephyr/arch/arch/arm/core/aarch32/libarch__arm__core__aarch32.a(prep_c.c.obj)
                0x00000000000035bc                z_arm_prep_c
 .text.arch_swap
                0x00000000000035f4       0x34 zephyr/arch/arch/arm/core/aarch32/libarch__arm__core__aarch32.a(swap.c.obj)
                0x00000000000035f4                arch_swap
 .text.z_arm_pendsv
                0x0000000000003628       0x54 zephyr/arch/arch/arm/core/aarch32/libarch__arm__core__aarch32.a(swap_helper.S.obj)
                0x0000000000003628                z_arm_pendsv
 .text.z_arm_svc
                0x000000000000367c       0x20 zephyr/arch/arch/arm/core/aarch32/libarch__arm__core__aarch32.a(swap_helper.S.obj)
                0x000000000000367c                z_arm_svc
 .text.arch_new_thread
                0x000000000000369c       0x38 zephyr/arch/arch/arm/core/aarch32/libarch__arm__core__aarch32.a(thread.c.obj)
                0x000000000000369c                arch_new_thread
 .text.z_check_thread_stack_fail
                0x00000000000036d4       0x2c zephyr/arch/arch/arm/core/aarch32/libarch__arm__core__aarch32.a(thread.c.obj)
                0x00000000000036d4                z_check_thread_stack_fail
 .text.arch_switch_to_main_thread
                0x0000000000003700       0x2c zephyr/arch/arch/arm/core/aarch32/libarch__arm__core__aarch32.a(thread.c.obj)
                0x0000000000003700                arch_switch_to_main_thread
 .text._isr_wrapper
                0x000000000000372c       0x40 zephyr/arch/arch/arm/core/aarch32/libarch__arm__core__aarch32.a(isr_wrapper.S.obj)
                0x000000000000372c                _isr_wrapper
 .text._HandlerModeExit
                0x000000000000376c       0x1c zephyr/arch/arch/arm/core/aarch32/cortex_m/libarch__arm__core__aarch32__cortex_m.a(exc_exit.S.obj)
                0x000000000000376c                z_arm_int_exit
                0x000000000000376c                z_arm_exc_exit
 .text.bus_fault.constprop.0
                0x0000000000003788      0x13c zephyr/arch/arch/arm/core/aarch32/cortex_m/libarch__arm__core__aarch32__cortex_m.a(fault.c.obj)
 .text.usage_fault.constprop.0
                0x00000000000038c4      0x108 zephyr/arch/arch/arm/core/aarch32/cortex_m/libarch__arm__core__aarch32__cortex_m.a(fault.c.obj)
 .text.mem_manage_fault
                0x00000000000039cc      0x198 zephyr/arch/arch/arm/core/aarch32/cortex_m/libarch__arm__core__aarch32__cortex_m.a(fault.c.obj)
 .text.z_arm_fault
                0x0000000000003b64      0x278 zephyr/arch/arch/arm/core/aarch32/cortex_m/libarch__arm__core__aarch32__cortex_m.a(fault.c.obj)
                0x0000000000003b64                z_arm_fault
 .text.z_arm_fault_init
                0x0000000000003ddc       0x10 zephyr/arch/arch/arm/core/aarch32/cortex_m/libarch__arm__core__aarch32__cortex_m.a(fault.c.obj)
                0x0000000000003ddc                z_arm_fault_init
 .text.__fault  0x0000000000003dec       0x14 zephyr/arch/arch/arm/core/aarch32/cortex_m/libarch__arm__core__aarch32__cortex_m.a(fault_s.S.obj)
                0x0000000000003dec                z_arm_usage_fault
                0x0000000000003dec                z_arm_mpu_fault
                0x0000000000003dec                z_arm_exc_spurious
                0x0000000000003dec                z_arm_debug_monitor
                0x0000000000003dec                z_arm_hard_fault
                0x0000000000003dec                z_arm_bus_fault
 .text.z_arm_interrupt_init
                0x0000000000003e00       0x18 zephyr/arch/arch/arm/core/aarch32/cortex_m/libarch__arm__core__aarch32__cortex_m.a(irq_init.c.obj)
                0x0000000000003e00                z_arm_interrupt_init
 .text._reset_section
                0x0000000000003e18       0x54 zephyr/arch/arch/arm/core/aarch32/cortex_m/libarch__arm__core__aarch32__cortex_m.a(reset.S.obj)
                0x0000000000003e18                __start
                0x0000000000003e18                z_arm_reset
 .text.z_arm_clear_arm_mpu_config
                0x0000000000003e6c       0x24 zephyr/arch/arch/arm/core/aarch32/cortex_m/libarch__arm__core__aarch32__cortex_m.a(scb.c.obj)
                0x0000000000003e6c                z_arm_clear_arm_mpu_config
 .text.z_arm_init_arch_hw_at_boot
                0x0000000000003e90       0x64 zephyr/arch/arch/arm/core/aarch32/cortex_m/libarch__arm__core__aarch32__cortex_m.a(scb.c.obj)
                0x0000000000003e90                z_arm_init_arch_hw_at_boot
 .text.z_impl_k_thread_abort
                0x0000000000003ef4       0x2c zephyr/arch/arch/arm/core/aarch32/cortex_m/libarch__arm__core__aarch32__cortex_m.a(thread_abort.c.obj)
                0x0000000000003ef4                z_impl_k_thread_abort
 .text.z_arm_configure_static_mpu_regions
                0x0000000000003f20       0x18 zephyr/arch/arch/arm/core/aarch32/mpu/libarch__arm__core__aarch32__mpu.a(arm_core_mpu.c.obj)
                0x0000000000003f20                z_arm_configure_static_mpu_regions
 .text.z_arm_configure_dynamic_mpu_regions
                0x0000000000003f38       0x20 zephyr/arch/arch/arm/core/aarch32/mpu/libarch__arm__core__aarch32__mpu.a(arm_core_mpu.c.obj)
                0x0000000000003f38                z_arm_configure_dynamic_mpu_regions
 .text.mpu_configure_regions
                0x0000000000003f58       0xb4 zephyr/arch/arch/arm/core/aarch32/mpu/libarch__arm__core__aarch32__mpu.a(arm_mpu.c.obj)
 .text.arm_core_mpu_enable
                0x000000000000400c       0x18 zephyr/arch/arch/arm/core/aarch32/mpu/libarch__arm__core__aarch32__mpu.a(arm_mpu.c.obj)
                0x000000000000400c                arm_core_mpu_enable
 .text.arm_core_mpu_disable
                0x0000000000004024       0x14 zephyr/arch/arch/arm/core/aarch32/mpu/libarch__arm__core__aarch32__mpu.a(arm_mpu.c.obj)
                0x0000000000004024                arm_core_mpu_disable
 .text.arm_core_mpu_configure_static_mpu_regions
                0x0000000000004038       0x4c zephyr/arch/arch/arm/core/aarch32/mpu/libarch__arm__core__aarch32__mpu.a(arm_mpu.c.obj)
                0x0000000000004038                arm_core_mpu_configure_static_mpu_regions
 .text.arm_core_mpu_configure_dynamic_mpu_regions
                0x0000000000004084       0x64 zephyr/arch/arch/arm/core/aarch32/mpu/libarch__arm__core__aarch32__mpu.a(arm_mpu.c.obj)
                0x0000000000004084                arm_core_mpu_configure_dynamic_mpu_regions
 .text.z_arm_mpu_init
                0x00000000000040e8       0xbc zephyr/arch/arch/arm/core/aarch32/mpu/libarch__arm__core__aarch32__mpu.a(arm_mpu.c.obj)
                0x00000000000040e8                z_arm_mpu_init
 .text.malloc_prepare
                0x00000000000041a4       0x44 zephyr/lib/libc/newlib/liblib__libc__newlib.a(libc-hooks.c.obj)
 .text.__stdout_hook_install
                0x00000000000041e8        0xc zephyr/lib/libc/newlib/liblib__libc__newlib.a(libc-hooks.c.obj)
                0x00000000000041e8                __stdout_hook_install
 .text.nordicsemi_nrf52_init
                0x00000000000041f4       0x60 zephyr/soc/arm/nordic_nrf/nrf52/libsoc__arm__nordic_nrf__nrf52.a(soc.c.obj)
 .text.sys_arch_reboot
                0x0000000000004254       0x2c zephyr/soc/arm/nordic_nrf/nrf52/libsoc__arm__nordic_nrf__nrf52.a(soc.c.obj)
                0x0000000000004254                sys_arch_reboot
 .text.arch_busy_wait
                0x0000000000004280       0x14 zephyr/soc/arm/nordic_nrf/nrf52/libsoc__arm__nordic_nrf__nrf52.a(soc.c.obj)
                0x0000000000004280                arch_busy_wait
 .text.adc_context_start_sampling
                0x0000000000004294       0x1c zephyr/drivers/adc/libdrivers__adc.a(adc_nrfx_saadc.c.obj)
 .text.adc_nrfx_channel_setup
                0x00000000000042b0      0x108 zephyr/drivers/adc/libdrivers__adc.a(adc_nrfx_saadc.c.obj)
 .text.start_read.constprop.0
                0x00000000000043b8      0x1f4 zephyr/drivers/adc/libdrivers__adc.a(adc_nrfx_saadc.c.obj)
 .text.adc_nrfx_read_async
                0x00000000000045ac       0x40 zephyr/drivers/adc/libdrivers__adc.a(adc_nrfx_saadc.c.obj)
 .text.adc_nrfx_read
                0x00000000000045ec       0x40 zephyr/drivers/adc/libdrivers__adc.a(adc_nrfx_saadc.c.obj)
 .text.init_saadc
                0x000000000000462c       0x44 zephyr/drivers/adc/libdrivers__adc.a(adc_nrfx_saadc.c.obj)
 .text.saadc_irq_handler
                0x0000000000004670       0xe8 zephyr/drivers/adc/libdrivers__adc.a(adc_nrfx_saadc.c.obj)
 .text.onoff_start
                0x0000000000004758       0x3c zephyr/drivers/clock_control/libdrivers__clock_control.a(clock_control_nrf.c.obj)
 .text.get_status
                0x0000000000004794       0x38 zephyr/drivers/clock_control/libdrivers__clock_control.a(clock_control_nrf.c.obj)
 .text.stop     0x00000000000047cc       0x7c zephyr/drivers/clock_control/libdrivers__clock_control.a(clock_control_nrf.c.obj)
 .text.onoff_stop
                0x0000000000004848       0x28 zephyr/drivers/clock_control/libdrivers__clock_control.a(clock_control_nrf.c.obj)
 .text.clk_init
                0x0000000000004870       0x58 zephyr/drivers/clock_control/libdrivers__clock_control.a(clock_control_nrf.c.obj)
 .text.clkstarted_handle.constprop.0
                0x00000000000048c8       0x34 zephyr/drivers/clock_control/libdrivers__clock_control.a(clock_control_nrf.c.obj)
 .text.clock_event_handler
                0x00000000000048fc       0x5c zephyr/drivers/clock_control/libdrivers__clock_control.a(clock_control_nrf.c.obj)
 .text.generic_hfclk_start
                0x0000000000004958       0x64 zephyr/drivers/clock_control/libdrivers__clock_control.a(clock_control_nrf.c.obj)
 .text.api_blocking_start
                0x00000000000049bc       0x3c zephyr/drivers/clock_control/libdrivers__clock_control.a(clock_control_nrf.c.obj)
 .text.generic_hfclk_stop
                0x00000000000049f8       0x34 zephyr/drivers/clock_control/libdrivers__clock_control.a(clock_control_nrf.c.obj)
 .text.z_nrf_clock_control_lf_on
                0x0000000000004a2c      0x140 zephyr/drivers/clock_control/libdrivers__clock_control.a(clock_control_nrf.c.obj)
                0x0000000000004a2c                z_nrf_clock_control_lf_on
 .text.uart_console_init
                0x0000000000004b6c       0x28 zephyr/drivers/console/libdrivers__console.a(uart_console.c.obj)
 .text.console_out
                0x0000000000004b94       0x28 zephyr/drivers/console/libdrivers__console.a(uart_console.c.obj)
 .text.gpio_nrfx_manage_callback
                0x0000000000004bbc       0xa0 zephyr/drivers/gpio/libdrivers__gpio.a(gpio_nrfx.c.obj)
 .text.gpio_nrfx_pin_interrupt_configure
                0x0000000000004c5c      0x110 zephyr/drivers/gpio/libdrivers__gpio.a(gpio_nrfx.c.obj)
 .text.gpio_nrfx_init
                0x0000000000004d6c       0x38 zephyr/drivers/gpio/libdrivers__gpio.a(gpio_nrfx.c.obj)
 .text.nrfx_gpio_handler
                0x0000000000004da4       0x78 zephyr/drivers/gpio/libdrivers__gpio.a(gpio_nrfx.c.obj)
 .text.gpio_nrfx_pin_configure
                0x0000000000004e1c      0x168 zephyr/drivers/gpio/libdrivers__gpio.a(gpio_nrfx.c.obj)
 .text.nrf_gpio_pin_port_decode
                0x0000000000004f84       0x5c zephyr/drivers/pinctrl/libdrivers__pinctrl.a(pinctrl_nrf.c.obj)
 .text.pwm_nrfx_get_cycles_per_sec
                0x0000000000004fe0       0x10 zephyr/drivers/pwm/libdrivers__pwm.a(pwm_nrfx.c.obj)
 .text.nrf_pwm_pin_get
                0x0000000000004ff0       0x34 zephyr/drivers/pwm/libdrivers__pwm.a(pwm_nrfx.c.obj)
 .text.nrf_gpio_pin_port_decode
                0x0000000000005024       0x5c zephyr/drivers/pwm/libdrivers__pwm.a(pwm_nrfx.c.obj)
 .text.pwm_nrfx_set_cycles
                0x0000000000005080      0x1a4 zephyr/drivers/pwm/libdrivers__pwm.a(pwm_nrfx.c.obj)
 .text.pwm_nrfx_init
                0x0000000000005224       0xcc zephyr/drivers/pwm/libdrivers__pwm.a(pwm_nrfx.c.obj)
 .text.z_log_msg_runtime_create.constprop.0
                0x00000000000052f0       0x24 zephyr/drivers/serial/libdrivers__serial.a(uart_nrfx_uarte.c.obj)
 .text.uarte_nrfx_configure
                0x0000000000005314      0x168 zephyr/drivers/serial/libdrivers__serial.a(uart_nrfx_uarte.c.obj)
 .text.uarte_0_init
                0x000000000000547c      0x118 zephyr/drivers/serial/libdrivers__serial.a(uart_nrfx_uarte.c.obj)
 .text.uarte_nrfx_poll_out
                0x0000000000005594       0xcc zephyr/drivers/serial/libdrivers__serial.a(uart_nrfx_uarte.c.obj)
 .text.sys_clock_timeout_handler
                0x0000000000005660       0x48 zephyr/drivers/timer/libdrivers__timer.a(nrf_rtc_timer.c.obj)
 .text.z_nrf_rtc_timer_read
                0x00000000000056a8       0x44 zephyr/drivers/timer/libdrivers__timer.a(nrf_rtc_timer.c.obj)
                0x00000000000056a8                z_nrf_rtc_timer_read
 .text.rtc_nrf_isr
                0x00000000000056ec       0xd4 zephyr/drivers/timer/libdrivers__timer.a(nrf_rtc_timer.c.obj)
                0x00000000000056ec                rtc_nrf_isr
 .text.compare_set.constprop.0.isra.0
                0x00000000000057c0      0x154 zephyr/drivers/timer/libdrivers__timer.a(nrf_rtc_timer.c.obj)
 .text.sys_clock_driver_init
                0x0000000000005914       0x80 zephyr/drivers/timer/libdrivers__timer.a(nrf_rtc_timer.c.obj)
 .text.sys_clock_set_timeout
                0x0000000000005994       0x58 zephyr/drivers/timer/libdrivers__timer.a(nrf_rtc_timer.c.obj)
                0x0000000000005994                sys_clock_set_timeout
 .text.sys_clock_elapsed
                0x00000000000059ec       0x14 zephyr/drivers/timer/libdrivers__timer.a(nrf_rtc_timer.c.obj)
                0x00000000000059ec                sys_clock_elapsed
 .text.sys_clock_disable
                0x0000000000005a00       0x30 zephyr/drivers/timer/libdrivers__timer.a(nrf_rtc_timer.c.obj)
                0x0000000000005a00                sys_clock_disable
 .text.z_log_msg_runtime_create.constprop.0
                0x0000000000005a30       0x24 modules/nrf/lib/fatal_error/lib..__nrf__lib__fatal_error.a(fatal_error.c.obj)
 .text.k_sys_fatal_error_handler
                0x0000000000005a54       0x2c modules/nrf/lib/fatal_error/lib..__nrf__lib__fatal_error.a(fatal_error.c.obj)
                0x0000000000005a54                k_sys_fatal_error_handler
 .text.nrf52_errata_98
                0x0000000000005a80       0x24 modules/hal_nordic/nrfx/libmodules__hal_nordic__nrfx.a(system_nrf52840.c.obj)
 .text.nvmc_wait
                0x0000000000005aa4       0x10 modules/hal_nordic/nrfx/libmodules__hal_nordic__nrfx.a(system_nrf52840.c.obj)
                0x0000000000005aa4                nvmc_wait
 .text.SystemInit
                0x0000000000005ab4      0x1bc modules/hal_nordic/nrfx/libmodules__hal_nordic__nrfx.a(system_nrf52840.c.obj)
                0x0000000000005ab4                SystemInit
 .text.nrfx_flag32_alloc
                0x0000000000005c70       0x40 modules/hal_nordic/nrfx/libmodules__hal_nordic__nrfx.a(nrfx_flag32_allocator.c.obj)
                0x0000000000005c70                nrfx_flag32_alloc
 .text.nrfx_flag32_free
                0x0000000000005cb0       0x40 modules/hal_nordic/nrfx/libmodules__hal_nordic__nrfx.a(nrfx_flag32_allocator.c.obj)
                0x0000000000005cb0                nrfx_flag32_free
 .text.clock_stop
                0x0000000000005cf0       0xfc modules/hal_nordic/nrfx/libmodules__hal_nordic__nrfx.a(nrfx_clock.c.obj)
 .text.nrfx_clock_init
                0x0000000000005dec       0x48 modules/hal_nordic/nrfx/libmodules__hal_nordic__nrfx.a(nrfx_clock.c.obj)
                0x0000000000005dec                nrfx_clock_init
 .text.nrfx_clock_enable
                0x0000000000005e34       0x48 modules/hal_nordic/nrfx/libmodules__hal_nordic__nrfx.a(nrfx_clock.c.obj)
                0x0000000000005e34                nrfx_clock_enable
 .text.nrfx_clock_start
                0x0000000000005e7c       0xbc modules/hal_nordic/nrfx/libmodules__hal_nordic__nrfx.a(nrfx_clock.c.obj)
                0x0000000000005e7c                nrfx_clock_start
 .text.nrfx_clock_stop
                0x0000000000005f38       0x38 modules/hal_nordic/nrfx/libmodules__hal_nordic__nrfx.a(nrfx_clock.c.obj)
                0x0000000000005f38                nrfx_clock_stop
 .text.nrfx_power_clock_irq_handler
                0x0000000000005f70       0x68 modules/hal_nordic/nrfx/libmodules__hal_nordic__nrfx.a(nrfx_clock.c.obj)
                0x0000000000005f70                nrfx_power_clock_irq_handler
 .text.pin_in_use_by_te
                0x0000000000005fd8       0x14 modules/hal_nordic/nrfx/libmodules__hal_nordic__nrfx.a(nrfx_gpiote.c.obj)
 .text.pin_has_trigger
                0x0000000000005fec       0x18 modules/hal_nordic/nrfx/libmodules__hal_nordic__nrfx.a(nrfx_gpiote.c.obj)
 .text.pin_is_output
                0x0000000000006004       0x14 modules/hal_nordic/nrfx/libmodules__hal_nordic__nrfx.a(nrfx_gpiote.c.obj)
 .text.call_handler
                0x0000000000006018       0x3c modules/hal_nordic/nrfx/libmodules__hal_nordic__nrfx.a(nrfx_gpiote.c.obj)
 .text.release_handler
                0x0000000000006054       0x7c modules/hal_nordic/nrfx/libmodules__hal_nordic__nrfx.a(nrfx_gpiote.c.obj)
 .text.pin_handler_trigger_uninit
                0x00000000000060d0       0x38 modules/hal_nordic/nrfx/libmodules__hal_nordic__nrfx.a(nrfx_gpiote.c.obj)
 .text.nrf_gpio_pin_port_decode
                0x0000000000006108       0x68 modules/hal_nordic/nrfx/libmodules__hal_nordic__nrfx.a(nrfx_gpiote.c.obj)
 .text.nrfx_gpiote_input_configure
                0x0000000000006170      0x154 modules/hal_nordic/nrfx/libmodules__hal_nordic__nrfx.a(nrfx_gpiote.c.obj)
                0x0000000000006170                nrfx_gpiote_input_configure
 .text.nrfx_gpiote_output_configure
                0x00000000000062c4       0xe8 modules/hal_nordic/nrfx/libmodules__hal_nordic__nrfx.a(nrfx_gpiote.c.obj)
                0x00000000000062c4                nrfx_gpiote_output_configure
 .text.nrfx_gpiote_global_callback_set
                0x00000000000063ac        0xc modules/hal_nordic/nrfx/libmodules__hal_nordic__nrfx.a(nrfx_gpiote.c.obj)
                0x00000000000063ac                nrfx_gpiote_global_callback_set
 .text.nrfx_gpiote_channel_get
                0x00000000000063b8       0x50 modules/hal_nordic/nrfx/libmodules__hal_nordic__nrfx.a(nrfx_gpiote.c.obj)
                0x00000000000063b8                nrfx_gpiote_channel_get
 .text.nrfx_gpiote_init
                0x0000000000006408       0x50 modules/hal_nordic/nrfx/libmodules__hal_nordic__nrfx.a(nrfx_gpiote.c.obj)
                0x0000000000006408                nrfx_gpiote_init
 .text.nrfx_gpiote_is_init
                0x0000000000006458       0x14 modules/hal_nordic/nrfx/libmodules__hal_nordic__nrfx.a(nrfx_gpiote.c.obj)
                0x0000000000006458                nrfx_gpiote_is_init
 .text.nrfx_gpiote_channel_free
                0x000000000000646c        0xc modules/hal_nordic/nrfx/libmodules__hal_nordic__nrfx.a(nrfx_gpiote.c.obj)
                0x000000000000646c                nrfx_gpiote_channel_free
 .text.nrfx_gpiote_channel_alloc
                0x0000000000006478        0xc modules/hal_nordic/nrfx/libmodules__hal_nordic__nrfx.a(nrfx_gpiote.c.obj)
                0x0000000000006478                nrfx_gpiote_channel_alloc
 .text.nrfx_gpiote_trigger_enable
                0x0000000000006484       0xd8 modules/hal_nordic/nrfx/libmodules__hal_nordic__nrfx.a(nrfx_gpiote.c.obj)
                0x0000000000006484                nrfx_gpiote_trigger_enable
 .text.nrfx_gpiote_trigger_disable
                0x000000000000655c       0x54 modules/hal_nordic/nrfx/libmodules__hal_nordic__nrfx.a(nrfx_gpiote.c.obj)
                0x000000000000655c                nrfx_gpiote_trigger_disable
 .text.nrfx_gpiote_pin_uninit
                0x00000000000065b0       0x48 modules/hal_nordic/nrfx/libmodules__hal_nordic__nrfx.a(nrfx_gpiote.c.obj)
                0x00000000000065b0                nrfx_gpiote_pin_uninit
 .text.nrfx_gpiote_irq_handler
                0x00000000000065f8      0x1c0 modules/hal_nordic/nrfx/libmodules__hal_nordic__nrfx.a(nrfx_gpiote.c.obj)
                0x00000000000065f8                nrfx_gpiote_irq_handler
 .text.nrfx_ppi_channel_alloc
                0x00000000000067b8        0xc modules/hal_nordic/nrfx/libmodules__hal_nordic__nrfx.a(nrfx_ppi.c.obj)
                0x00000000000067b8                nrfx_ppi_channel_alloc
 .text.nrf_gpio_pin_port_decode
                0x00000000000067c4       0x5c modules/hal_nordic/nrfx/libmodules__hal_nordic__nrfx.a(nrfx_pwm.c.obj)
 .text.nrf_pwm_sequence_set
                0x0000000000006820       0xd8 modules/hal_nordic/nrfx/libmodules__hal_nordic__nrfx.a(nrfx_pwm.c.obj)
 .text.nrfx_pwm_init
                0x00000000000068f8      0x194 modules/hal_nordic/nrfx/libmodules__hal_nordic__nrfx.a(nrfx_pwm.c.obj)
                0x00000000000068f8                nrfx_pwm_init
 .text.nrfx_pwm_simple_playback
                0x0000000000006a8c       0xe8 modules/hal_nordic/nrfx/libmodules__hal_nordic__nrfx.a(nrfx_pwm.c.obj)
                0x0000000000006a8c                nrfx_pwm_simple_playback
 .text.nrfx_pwm_is_stopped
                0x0000000000006b74       0x54 modules/hal_nordic/nrfx/libmodules__hal_nordic__nrfx.a(nrfx_pwm.c.obj)
                0x0000000000006b74                nrfx_pwm_is_stopped
 .text.nrfx_pwm_stop
                0x0000000000006bc8       0x64 modules/hal_nordic/nrfx/libmodules__hal_nordic__nrfx.a(nrfx_pwm.c.obj)
                0x0000000000006bc8                nrfx_pwm_stop
 .text.saadc_busy_check
                0x0000000000006c2c       0x1c modules/hal_nordic/nrfx/libmodules__hal_nordic__nrfx.a(nrfx_saadc.c.obj)
 .text.saadc_channels_deconfig
                0x0000000000006c48       0x3c modules/hal_nordic/nrfx/libmodules__hal_nordic__nrfx.a(nrfx_saadc.c.obj)
 .text.saadc_channel_count_get
                0x0000000000006c84       0x74 modules/hal_nordic/nrfx/libmodules__hal_nordic__nrfx.a(nrfx_saadc.c.obj)
 .text.saadc_generic_mode_set
                0x0000000000006cf8      0x110 modules/hal_nordic/nrfx/libmodules__hal_nordic__nrfx.a(nrfx_saadc.c.obj)
 .text.saadc_channel_config
                0x0000000000006e08       0xa4 modules/hal_nordic/nrfx/libmodules__hal_nordic__nrfx.a(nrfx_saadc.c.obj)
 .text.nrfx_saadc_init
                0x0000000000006eac       0x5c modules/hal_nordic/nrfx/libmodules__hal_nordic__nrfx.a(nrfx_saadc.c.obj)
                0x0000000000006eac                nrfx_saadc_init
 .text.nrfx_saadc_channel_config
                0x0000000000006f08       0x6c modules/hal_nordic/nrfx/libmodules__hal_nordic__nrfx.a(nrfx_saadc.c.obj)
                0x0000000000006f08                nrfx_saadc_channel_config
 .text.nrfx_saadc_channels_configured_get
                0x0000000000006f74       0x38 modules/hal_nordic/nrfx/libmodules__hal_nordic__nrfx.a(nrfx_saadc.c.obj)
                0x0000000000006f74                nrfx_saadc_channels_configured_get
 .text.nrfx_saadc_simple_mode_set
                0x0000000000006fac       0x8c modules/hal_nordic/nrfx/libmodules__hal_nordic__nrfx.a(nrfx_saadc.c.obj)
                0x0000000000006fac                nrfx_saadc_simple_mode_set
 .text.nrfx_saadc_buffer_set
                0x0000000000007038       0xac modules/hal_nordic/nrfx/libmodules__hal_nordic__nrfx.a(nrfx_saadc.c.obj)
                0x0000000000007038                nrfx_saadc_buffer_set
 .text.nrfx_saadc_mode_trigger
                0x00000000000070e4      0x190 modules/hal_nordic/nrfx/libmodules__hal_nordic__nrfx.a(nrfx_saadc.c.obj)
                0x00000000000070e4                nrfx_saadc_mode_trigger
 .text._DoInit  0x0000000000007274       0x60 modules/segger/libmodules__segger.a(SEGGER_RTT.c.obj)
 .text.SEGGER_RTT_WriteSkipNoLock
                0x00000000000072d4       0x90 modules/segger/libmodules__segger.a(SEGGER_RTT.c.obj)
                0x00000000000072d4                SEGGER_RTT_WriteSkipNoLock
 .text.SEGGER_RTT_HasDataUp
                0x0000000000007364       0x14 modules/segger/libmodules__segger.a(SEGGER_RTT.c.obj)
                0x0000000000007364                SEGGER_RTT_HasDataUp
 .text.z_fatal_error
                0x0000000000007378       0xf4 zephyr/kernel/libkernel.a(fatal.c.obj)
                0x0000000000007378                z_fatal_error
 .text.z_sys_init_run_level
                0x000000000000746c       0x48 zephyr/kernel/libkernel.a(init.c.obj)
 .text.bg_thread_main
                0x00000000000074b4       0x34 zephyr/kernel/libkernel.a(init.c.obj)
 .text.z_bss_zero
                0x00000000000074e8       0x18 zephyr/kernel/libkernel.a(init.c.obj)
                0x00000000000074e8                z_bss_zero
 .text.z_init_cpu
                0x0000000000007500       0x70 zephyr/kernel/libkernel.a(init.c.obj)
                0x0000000000007500                z_init_cpu
 .text.z_cstart
                0x0000000000007570       0xe0 zephyr/kernel/libkernel.a(init.c.obj)
                0x0000000000007570                z_cstart
 .text.init_mem_slab_module
                0x0000000000007650       0x50 zephyr/kernel/libkernel.a(mem_slab.c.obj)
 .text.k_mem_slab_alloc
                0x00000000000076a0       0xd4 zephyr/kernel/libkernel.a(mem_slab.c.obj)
                0x00000000000076a0                k_mem_slab_alloc
 .text.k_mem_slab_free
                0x0000000000007774       0xc4 zephyr/kernel/libkernel.a(mem_slab.c.obj)
                0x0000000000007774                k_mem_slab_free
 .text.z_setup_new_thread
                0x0000000000007838       0xb0 zephyr/kernel/libkernel.a(thread.c.obj)
                0x0000000000007838                z_setup_new_thread
 .text.z_impl_k_thread_create
                0x00000000000078e8       0x8c zephyr/kernel/libkernel.a(thread.c.obj)
                0x00000000000078e8                z_impl_k_thread_create
 .text.z_init_static_threads
                0x0000000000007974      0x108 zephyr/kernel/libkernel.a(thread.c.obj)
                0x0000000000007974                z_init_static_threads
 .text.z_spin_lock_valid
                0x0000000000007a7c       0x1c zephyr/kernel/libkernel.a(thread.c.obj)
                0x0000000000007a7c                z_spin_lock_valid
 .text.z_spin_unlock_valid
                0x0000000000007a98       0x20 zephyr/kernel/libkernel.a(thread.c.obj)
                0x0000000000007a98                z_spin_unlock_valid
 .text.z_spin_lock_set_owner
                0x0000000000007ab8       0x10 zephyr/kernel/libkernel.a(thread.c.obj)
                0x0000000000007ab8                z_spin_lock_set_owner
 .text.idle     0x0000000000007ac8       0x64 zephyr/kernel/libkernel.a(idle.c.obj)
                0x0000000000007ac8                idle
 .text.z_impl_k_mutex_lock
                0x0000000000007b2c      0x1a0 zephyr/kernel/libkernel.a(mutex.c.obj)
                0x0000000000007b2c                z_impl_k_mutex_lock
 .text.z_impl_k_mutex_unlock
                0x0000000000007ccc      0x11c zephyr/kernel/libkernel.a(mutex.c.obj)
                0x0000000000007ccc                z_impl_k_mutex_unlock
 .text.z_impl_k_sem_give
                0x0000000000007de8       0x88 zephyr/kernel/libkernel.a(sem.c.obj)
                0x0000000000007de8                z_impl_k_sem_give
 .text.z_impl_k_sem_take
                0x0000000000007e70       0xf4 zephyr/kernel/libkernel.a(sem.c.obj)
                0x0000000000007e70                z_impl_k_sem_take
 .text.sliceable
                0x0000000000007f64       0x3c zephyr/kernel/libkernel.a(sched.c.obj)
 .text.slice_timeout
                0x0000000000007fa0       0x60 zephyr/kernel/libkernel.a(sched.c.obj)
 .text.z_reset_time_slice
                0x0000000000008000       0x50 zephyr/kernel/libkernel.a(sched.c.obj)
                0x0000000000008000                z_reset_time_slice
 .text.update_cache
                0x0000000000008050       0x68 zephyr/kernel/libkernel.a(sched.c.obj)
 .text.ready_thread
                0x00000000000080b8       0x94 zephyr/kernel/libkernel.a(sched.c.obj)
 .text.z_ready_thread
                0x000000000000814c       0x8c zephyr/kernel/libkernel.a(sched.c.obj)
                0x000000000000814c                z_ready_thread
 .text.z_unpend_thread_no_timeout
                0x00000000000081d8       0x90 zephyr/kernel/libkernel.a(sched.c.obj)
                0x00000000000081d8                z_unpend_thread_no_timeout
 .text.z_reschedule
                0x0000000000008268       0x84 zephyr/kernel/libkernel.a(sched.c.obj)
                0x0000000000008268                z_reschedule
 .text.z_sched_start
                0x00000000000082ec       0xa4 zephyr/kernel/libkernel.a(sched.c.obj)
                0x00000000000082ec                z_sched_start
 .text.k_sched_lock
                0x0000000000008390       0xd8 zephyr/kernel/libkernel.a(sched.c.obj)
                0x0000000000008390                k_sched_lock
 .text.k_sched_unlock
                0x0000000000008468       0xe8 zephyr/kernel/libkernel.a(sched.c.obj)
                0x0000000000008468                k_sched_unlock
 .text.z_priq_dumb_remove
                0x0000000000008550       0x40 zephyr/kernel/libkernel.a(sched.c.obj)
                0x0000000000008550                z_priq_dumb_remove
 .text.move_thread_to_end_of_prio_q
                0x0000000000008590       0xa4 zephyr/kernel/libkernel.a(sched.c.obj)
 .text.z_time_slice
                0x0000000000008634       0xc8 zephyr/kernel/libkernel.a(sched.c.obj)
                0x0000000000008634                z_time_slice
 .text.unready_thread
                0x00000000000086fc       0x38 zephyr/kernel/libkernel.a(sched.c.obj)
 .text.add_to_waitq_locked
                0x0000000000008734       0x7c zephyr/kernel/libkernel.a(sched.c.obj)
 .text.pend_locked
                0x00000000000087b0       0x30 zephyr/kernel/libkernel.a(sched.c.obj)
 .text.z_pend_curr
                0x00000000000087e0       0xec zephyr/kernel/libkernel.a(sched.c.obj)
                0x00000000000087e0                z_pend_curr
 .text.z_set_prio
                0x00000000000088cc      0x124 zephyr/kernel/libkernel.a(sched.c.obj)
                0x00000000000088cc                z_set_prio
 .text.z_impl_k_thread_suspend
                0x00000000000089f0       0xd0 zephyr/kernel/libkernel.a(sched.c.obj)
                0x00000000000089f0                z_impl_k_thread_suspend
 .text.unpend_thread_no_timeout
                0x0000000000008ac0       0x40 zephyr/kernel/libkernel.a(sched.c.obj)
 .text.z_unpend_thread
                0x0000000000008b00       0x98 zephyr/kernel/libkernel.a(sched.c.obj)
                0x0000000000008b00                z_unpend_thread
 .text.z_sched_wake_thread
                0x0000000000008b98       0xb0 zephyr/kernel/libkernel.a(sched.c.obj)
                0x0000000000008b98                z_sched_wake_thread
 .text.z_unpend1_no_timeout
                0x0000000000008c48       0x98 zephyr/kernel/libkernel.a(sched.c.obj)
                0x0000000000008c48                z_unpend1_no_timeout
 .text.z_unpend_first_thread
                0x0000000000008ce0       0xa0 zephyr/kernel/libkernel.a(sched.c.obj)
                0x0000000000008ce0                z_unpend_first_thread
 .text.z_sched_init
                0x0000000000008d80       0x10 zephyr/kernel/libkernel.a(sched.c.obj)
                0x0000000000008d80                z_sched_init
 .text.z_impl_k_yield
                0x0000000000008d90      0x130 zephyr/kernel/libkernel.a(sched.c.obj)
                0x0000000000008d90                z_impl_k_yield
 .text.z_tick_sleep
                0x0000000000008ec0      0x144 zephyr/kernel/libkernel.a(sched.c.obj)
 .text.z_impl_k_sleep
                0x0000000000009004       0x68 zephyr/kernel/libkernel.a(sched.c.obj)
                0x0000000000009004                z_impl_k_sleep
 .text.z_impl_z_current_get
                0x000000000000906c        0xc zephyr/kernel/libkernel.a(sched.c.obj)
                0x000000000000906c                z_impl_z_current_get
 .text.z_thread_abort
                0x0000000000009078      0x190 zephyr/kernel/libkernel.a(sched.c.obj)
                0x0000000000009078                z_thread_abort
 .text.z_sched_wake
                0x0000000000009208       0xbc zephyr/kernel/libkernel.a(sched.c.obj)
                0x0000000000009208                z_sched_wake
 .text.z_sched_wait
                0x00000000000092c4       0x24 zephyr/kernel/libkernel.a(sched.c.obj)
                0x00000000000092c4                z_sched_wait
 .text.z_data_copy
                0x00000000000092e8       0x34 zephyr/kernel/libkernel.a(xip.c.obj)
                0x00000000000092e8                z_data_copy
 .text.elapsed  0x000000000000931c       0x14 zephyr/kernel/libkernel.a(timeout.c.obj)
 .text.next_timeout
                0x0000000000009330       0x40 zephyr/kernel/libkernel.a(timeout.c.obj)
 .text.remove_timeout
                0x0000000000009370       0x38 zephyr/kernel/libkernel.a(timeout.c.obj)
 .text.z_add_timeout
                0x00000000000093a8      0x180 zephyr/kernel/libkernel.a(timeout.c.obj)
                0x00000000000093a8                z_add_timeout
 .text.z_abort_timeout
                0x0000000000009528       0x98 zephyr/kernel/libkernel.a(timeout.c.obj)
                0x0000000000009528                z_abort_timeout
 .text.z_get_next_timeout_expiry
                0x00000000000095c0       0x8c zephyr/kernel/libkernel.a(timeout.c.obj)
                0x00000000000095c0                z_get_next_timeout_expiry
 .text.sys_clock_announce
                0x000000000000964c      0x15c zephyr/kernel/libkernel.a(timeout.c.obj)
                0x000000000000964c                sys_clock_announce
 .text.sys_clock_tick_get
                0x00000000000097a8       0x9c zephyr/kernel/libkernel.a(timeout.c.obj)
                0x00000000000097a8                sys_clock_tick_get
 .text.z_timer_expiration_handler
                0x0000000000009844      0x170 zephyr/kernel/libkernel.a(timer.c.obj)
                0x0000000000009844                z_timer_expiration_handler
 .text.z_impl_k_timer_start
                0x00000000000099b4       0x60 zephyr/kernel/libkernel.a(timer.c.obj)
                0x00000000000099b4                z_impl_k_timer_start
 .text.z_impl_k_poll_signal_raise
                0x0000000000009a14       0xb4 zephyr/kernel/libkernel.a(poll.c.obj)
                0x0000000000009a14                z_impl_k_poll_signal_raise
 .text.k_sys_work_q_init
                0x0000000000009ac8       0x34 zephyr/kernel/libkernel.a(system_work_q.c.obj)
 .text.work_queue_main
                0x0000000000009afc      0x1e8 zephyr/kernel/libkernel.a(work.c.obj)
 .text.submit_to_queue_locked
                0x0000000000009ce4       0xd8 zephyr/kernel/libkernel.a(work.c.obj)
 .text.z_work_submit_to_queue
                0x0000000000009dbc       0xb4 zephyr/kernel/libkernel.a(work.c.obj)
                0x0000000000009dbc                z_work_submit_to_queue
 .text.k_work_queue_start
                0x0000000000009e70       0xd0 zephyr/kernel/libkernel.a(work.c.obj)
                0x0000000000009e70                k_work_queue_start
 .text.nrf_cc3xx_platform_init_no_rng
                0x0000000000009f40       0x38 C:/ncs/v2.4.2/nrfxlib/crypto/nrf_cc310_platform/lib/cortex-m4/soft-float/no-interrupts/libnrf_cc310_platform_0.9.17.a(nrf_cc3xx_platform.c.obj)
                0x0000000000009f40                nrf_cc3xx_platform_init_no_rng
 .text.nrf_cc3xx_platform_abort
                0x0000000000009f78       0x24 C:/ncs/v2.4.2/nrfxlib/crypto/nrf_cc310_platform/lib/cortex-m4/soft-float/no-interrupts/libnrf_cc310_platform_0.9.17.a(nrf_cc3xx_platform_abort.c.obj)
 .text.CC_PalAbort
                0x0000000000009f9c       0x34 C:/ncs/v2.4.2/nrfxlib/crypto/nrf_cc310_platform/lib/cortex-m4/soft-float/no-interrupts/libnrf_cc310_platform_0.9.17.a(nrf_cc3xx_platform_abort.c.obj)
                0x0000000000009f9c                CC_PalAbort
 .text.nrf_cc3xx_platform_set_abort
                0x0000000000009fd0       0x10 C:/ncs/v2.4.2/nrfxlib/crypto/nrf_cc310_platform/lib/cortex-m4/soft-float/no-interrupts/libnrf_cc310_platform_0.9.17.a(nrf_cc3xx_platform_abort.c.obj)
                0x0000000000009fd0                nrf_cc3xx_platform_set_abort
 .text.mutex_free
                0x0000000000009fe0       0x34 C:/ncs/v2.4.2/nrfxlib/crypto/nrf_cc310_platform/lib/cortex-m4/soft-float/no-interrupts/libnrf_cc310_platform_0.9.17.a(nrf_cc3xx_platform_mutex.c.obj)
 .text.mutex_lock
                0x000000000000a014       0x48 C:/ncs/v2.4.2/nrfxlib/crypto/nrf_cc310_platform/lib/cortex-m4/soft-float/no-interrupts/libnrf_cc310_platform_0.9.17.a(nrf_cc3xx_platform_mutex.c.obj)
 .text.mutex_unlock
                0x000000000000a05c       0x38 C:/ncs/v2.4.2/nrfxlib/crypto/nrf_cc310_platform/lib/cortex-m4/soft-float/no-interrupts/libnrf_cc310_platform_0.9.17.a(nrf_cc3xx_platform_mutex.c.obj)
 .text.mutex_init
                0x000000000000a094       0x20 C:/ncs/v2.4.2/nrfxlib/crypto/nrf_cc310_platform/lib/cortex-m4/soft-float/no-interrupts/libnrf_cc310_platform_0.9.17.a(nrf_cc3xx_platform_mutex.c.obj)
 .text.nrf_cc3xx_platform_set_mutexes
                0x000000000000a0b4       0x74 C:/ncs/v2.4.2/nrfxlib/crypto/nrf_cc310_platform/lib/cortex-m4/soft-float/no-interrupts/libnrf_cc310_platform_0.9.17.a(nrf_cc3xx_platform_mutex.c.obj)
                0x000000000000a0b4                nrf_cc3xx_platform_set_mutexes
 .text.CC_LibInitNoRng
                0x000000000000a128       0x64 C:/ncs/v2.4.2/nrfxlib/crypto/nrf_cc310_platform/lib/cortex-m4/soft-float/no-interrupts/libnrf_cc310_platform_0.9.17.a(cc_lib.c.obj)
                0x000000000000a128                CC_LibInitNoRng
 .text.CC_HalInit
                0x000000000000a18c        0x4 C:/ncs/v2.4.2/nrfxlib/crypto/nrf_cc310_platform/lib/cortex-m4/soft-float/no-interrupts/libnrf_cc310_platform_0.9.17.a(cc_hal.c.obj)
                0x000000000000a18c                CC_HalInit
 .text.CC_HalTerminate
                0x000000000000a190        0x4 C:/ncs/v2.4.2/nrfxlib/crypto/nrf_cc310_platform/lib/cortex-m4/soft-float/no-interrupts/libnrf_cc310_platform_0.9.17.a(cc_hal.c.obj)
                0x000000000000a190                CC_HalTerminate
 .text.CC_HalMaskInterrupt
                0x000000000000a194        0xc C:/ncs/v2.4.2/nrfxlib/crypto/nrf_cc310_platform/lib/cortex-m4/soft-float/no-interrupts/libnrf_cc310_platform_0.9.17.a(cc_hal.c.obj)
                0x000000000000a194                CC_HalMaskInterrupt
 .text.CC_PalInit
                0x000000000000a1a0       0x5c C:/ncs/v2.4.2/nrfxlib/crypto/nrf_cc310_platform/lib/cortex-m4/soft-float/no-interrupts/libnrf_cc310_platform_0.9.17.a(cc_pal.c.obj)
                0x000000000000a1a0                CC_PalInit
 .text.CC_PalTerminate
                0x000000000000a1fc       0x34 C:/ncs/v2.4.2/nrfxlib/crypto/nrf_cc310_platform/lib/cortex-m4/soft-float/no-interrupts/libnrf_cc310_platform_0.9.17.a(cc_pal.c.obj)
                0x000000000000a1fc                CC_PalTerminate
 .text.CC_PalDmaInit
                0x000000000000a230        0x4 C:/ncs/v2.4.2/nrfxlib/crypto/nrf_cc310_platform/lib/cortex-m4/soft-float/no-interrupts/libnrf_cc310_platform_0.9.17.a(cc_pal_dma.c.obj)
                0x000000000000a230                CC_PalDmaInit
 .text.CC_PalDmaTerminate
                0x000000000000a234        0x4 C:/ncs/v2.4.2/nrfxlib/crypto/nrf_cc310_platform/lib/cortex-m4/soft-float/no-interrupts/libnrf_cc310_platform_0.9.17.a(cc_pal_dma.c.obj)
                0x000000000000a234                CC_PalDmaTerminate
 .text.CC_PalMutexCreate
                0x000000000000a238       0x14 C:/ncs/v2.4.2/nrfxlib/crypto/nrf_cc310_platform/lib/cortex-m4/soft-float/no-interrupts/libnrf_cc310_platform_0.9.17.a(cc_pal_mutex.c.obj)
                0x000000000000a238                CC_PalMutexCreate
 .text.CC_PalMutexDestroy
                0x000000000000a24c       0x14 C:/ncs/v2.4.2/nrfxlib/crypto/nrf_cc310_platform/lib/cortex-m4/soft-float/no-interrupts/libnrf_cc310_platform_0.9.17.a(cc_pal_mutex.c.obj)
                0x000000000000a24c                CC_PalMutexDestroy
 .text.CC_PalPowerSaveModeInit
                0x000000000000a260       0x3c C:/ncs/v2.4.2/nrfxlib/crypto/nrf_cc310_platform/lib/cortex-m4/soft-float/no-interrupts/libnrf_cc310_platform_0.9.17.a(cc_pal_pm.c.obj)
                0x000000000000a260                CC_PalPowerSaveModeInit
 .text.CC_PalPowerSaveModeSelect
                0x000000000000a29c       0x84 C:/ncs/v2.4.2/nrfxlib/crypto/nrf_cc310_platform/lib/cortex-m4/soft-float/no-interrupts/libnrf_cc310_platform_0.9.17.a(cc_pal_pm.c.obj)
                0x000000000000a29c                CC_PalPowerSaveModeSelect
 .text.cbpprintf_external
                0x000000000000a320       0x62 zephyr/libzephyr.a(cbprintf_packaged.c.obj)
                0x000000000000a320                cbpprintf_external
 .text.arch_printk_char_out
                0x000000000000a382        0x4 zephyr/libzephyr.a(printk.c.obj)
                0x000000000000a382                arch_printk_char_out
 .text.vprintk  0x000000000000a386        0x4 zephyr/libzephyr.a(printk.c.obj)
                0x000000000000a386                vprintk
 .text.printk   0x000000000000a38a       0x1a zephyr/libzephyr.a(printk.c.obj)
                0x000000000000a38a                printk
 .text.z_thread_entry
                0x000000000000a3a4       0x14 zephyr/libzephyr.a(thread_entry.c.obj)
                0x000000000000a3a4                z_thread_entry
 .text.process_recheck
                0x000000000000a3b8       0x38 zephyr/libzephyr.a(onoff.c.obj)
 .text.validate_args
                0x000000000000a3f0       0x20 zephyr/libzephyr.a(onoff.c.obj)
 .text.notify_one
                0x000000000000a410       0x2c zephyr/libzephyr.a(onoff.c.obj)
 .text.onoff_manager_init
                0x000000000000a43c       0x26 zephyr/libzephyr.a(onoff.c.obj)
                0x000000000000a43c                onoff_manager_init
 .text.sys_notify_validate
                0x000000000000a462       0x28 zephyr/libzephyr.a(notify.c.obj)
                0x000000000000a462                sys_notify_validate
 .text.outs     0x000000000000a48a       0x2e zephyr/libzephyr.a(cbprintf_complete.c.obj)
 .text.assert_post_action
                0x000000000000a4b8        0xe zephyr/libzephyr.a(assert.c.obj)
                0x000000000000a4b8                assert_post_action
 .text.assert_print
                0x000000000000a4c6       0x1a zephyr/libzephyr.a(assert.c.obj)
                0x000000000000a4c6                assert_print
 .text._ConfigAbsSyms
                0x000000000000a4e0        0x2 zephyr/libzephyr.a(configs.c.obj)
                0x000000000000a4e0                _ConfigAbsSyms
 .text.dummy_timestamp
                0x000000000000a4e2        0x4 zephyr/libzephyr.a(log_core.c.obj)
 .text.default_get_timestamp
                0x000000000000a4e6        0x4 zephyr/libzephyr.a(log_core.c.obj)
 .text.atomic_inc
                0x000000000000a4ea       0x1a zephyr/libzephyr.a(log_core.c.obj)
 .text.enable_logger
                0x000000000000a504        0xe zephyr/libzephyr.a(log_core.c.obj)
 .text.z_log_vprintk
                0x000000000000a512       0x1c zephyr/libzephyr.a(log_core.c.obj)
                0x000000000000a512                z_log_vprintk
 .text.z_log_notify_backend_enabled
                0x000000000000a52e        0x2 zephyr/libzephyr.a(log_core.c.obj)
                0x000000000000a52e                z_log_notify_backend_enabled
 .text.z_log_get_tag
                0x000000000000a530        0x4 zephyr/libzephyr.a(log_core.c.obj)
                0x000000000000a530                z_log_get_tag
 .text.z_log_msg_finalize
                0x000000000000a534       0x32 zephyr/libzephyr.a(log_msg.c.obj)
                0x000000000000a534                z_log_msg_finalize
 .text.out_func
                0x000000000000a566       0x1c zephyr/libzephyr.a(log_output.c.obj)
 .text.cr_out_func
                0x000000000000a582       0x1c zephyr/libzephyr.a(log_output.c.obj)
 .text.buffer_write
                0x000000000000a59e       0x1a zephyr/libzephyr.a(log_output.c.obj)
 .text.cbvprintf
                0x000000000000a5b8        0xe zephyr/libzephyr.a(log_output.c.obj)
 .text.log_output_flush
                0x000000000000a5c6       0x1a zephyr/libzephyr.a(log_output.c.obj)
                0x000000000000a5c6                log_output_flush
 .text.abort_function
                0x000000000000a5e0        0x8 zephyr/libzephyr.a(nrf_cc3xx_platform_abort_zephyr.c.obj)
 .text.z_log_msg_runtime_create.constprop.0
                0x000000000000a5e8       0x20 zephyr/arch/arch/arm/core/aarch32/libarch__arm__core__aarch32.a(fatal.c.obj)
 .text.z_do_kernel_oops
                0x000000000000a608        0x8 zephyr/arch/arch/arm/core/aarch32/libarch__arm__core__aarch32.a(fatal.c.obj)
                0x000000000000a608                z_do_kernel_oops
 .text.z_irq_spurious
                0x000000000000a610        0x8 zephyr/arch/arch/arm/core/aarch32/libarch__arm__core__aarch32.a(irq_manage.c.obj)
                0x000000000000a610                z_irq_spurious
 .text.z_arm_nmi
                0x000000000000a618        0xe zephyr/arch/arch/arm/core/aarch32/libarch__arm__core__aarch32.a(nmi.c.obj)
                0x000000000000a618                z_arm_nmi
 .text.z_log_msg_runtime_create.constprop.0
                0x000000000000a626       0x20 zephyr/arch/arch/arm/core/aarch32/cortex_m/libarch__arm__core__aarch32__cortex_m.a(fault.c.obj)
 .text.z_log_msg_runtime_create.constprop.0
                0x000000000000a646       0x20 zephyr/arch/arch/arm/core/aarch32/mpu/libarch__arm__core__aarch32__mpu.a(arm_mpu.c.obj)
 .text._stdout_hook_default
                0x000000000000a666        0x6 zephyr/lib/libc/newlib/liblib__libc__newlib.a(libc-hooks.c.obj)
 .text.pm_state_set
                0x000000000000a66c       0x18 zephyr/soc/arm/nordic_nrf/nrf52/libsoc__arm__nordic_nrf__nrf52.a(power.c.obj)
                0x000000000000a66c                pm_state_set
 .text.pm_state_exit_post_ops
                0x000000000000a684        0xc zephyr/soc/arm/nordic_nrf/nrf52/libsoc__arm__nordic_nrf__nrf52.a(power.c.obj)
                0x000000000000a684                pm_state_exit_post_ops
 .text.z_log_msg_runtime_create.constprop.0
                0x000000000000a690       0x20 zephyr/drivers/adc/libdrivers__adc.a(adc_nrfx_saadc.c.obj)
 .text.adc_context_on_timer_expired
                0x000000000000a6b0       0x2e zephyr/drivers/adc/libdrivers__adc.a(adc_nrfx_saadc.c.obj)
 .text.set_on_state
                0x000000000000a6de       0x26 zephyr/drivers/clock_control/libdrivers__clock_control.a(clock_control_nrf.c.obj)
 .text.async_start
                0x000000000000a704       0x5c zephyr/drivers/clock_control/libdrivers__clock_control.a(clock_control_nrf.c.obj)
 .text.api_start
                0x000000000000a760        0xe zephyr/drivers/clock_control/libdrivers__clock_control.a(clock_control_nrf.c.obj)
 .text.onoff_started_callback
                0x000000000000a76e        0xc zephyr/drivers/clock_control/libdrivers__clock_control.a(clock_control_nrf.c.obj)
 .text.lfclk_start
                0x000000000000a77a        0x6 zephyr/drivers/clock_control/libdrivers__clock_control.a(clock_control_nrf.c.obj)
 .text.lfclk_stop
                0x000000000000a780        0x6 zephyr/drivers/clock_control/libdrivers__clock_control.a(clock_control_nrf.c.obj)
 .text.blocking_start_callback
                0x000000000000a786        0x6 zephyr/drivers/clock_control/libdrivers__clock_control.a(clock_control_nrf.c.obj)
 .text.api_stop
                0x000000000000a78c        0x6 zephyr/drivers/clock_control/libdrivers__clock_control.a(clock_control_nrf.c.obj)
 .text.gpio_nrfx_port_get_raw
                0x000000000000a792        0xe zephyr/drivers/gpio/libdrivers__gpio.a(gpio_nrfx.c.obj)
 .text.gpio_nrfx_port_set_masked_raw
                0x000000000000a7a0       0x18 zephyr/drivers/gpio/libdrivers__gpio.a(gpio_nrfx.c.obj)
 .text.gpio_nrfx_port_set_bits_raw
                0x000000000000a7b8        0xc zephyr/drivers/gpio/libdrivers__gpio.a(gpio_nrfx.c.obj)
 .text.gpio_nrfx_port_clear_bits_raw
                0x000000000000a7c4        0xc zephyr/drivers/gpio/libdrivers__gpio.a(gpio_nrfx.c.obj)
 .text.gpio_nrfx_port_toggle_bits
                0x000000000000a7d0       0x1a zephyr/drivers/gpio/libdrivers__gpio.a(gpio_nrfx.c.obj)
 .text.pinctrl_lookup_state
                0x000000000000a7ea       0x26 zephyr/drivers/pinctrl/libdrivers__pinctrl.a(common.c.obj)
                0x000000000000a7ea                pinctrl_lookup_state
 .text.pinctrl_configure_pins
                0x000000000000a810      0x15e zephyr/drivers/pinctrl/libdrivers__pinctrl.a(pinctrl_nrf.c.obj)
                0x000000000000a810                pinctrl_configure_pins
 .text.z_log_msg_runtime_create.constprop.0
                0x000000000000a96e       0x20 zephyr/drivers/pwm/libdrivers__pwm.a(pwm_nrfx.c.obj)
 .text.uarte_nrfx_config_get
                0x000000000000a98e       0x10 zephyr/drivers/serial/libdrivers__serial.a(uart_nrfx_uarte.c.obj)
 .text.uarte_nrfx_err_check
                0x000000000000a99e        0xe zephyr/drivers/serial/libdrivers__serial.a(uart_nrfx_uarte.c.obj)
 .text.uarte_nrfx_poll_in
                0x000000000000a9ac       0x28 zephyr/drivers/serial/libdrivers__serial.a(uart_nrfx_uarte.c.obj)
 .text.is_tx_ready.isra.0
                0x000000000000a9d4       0x20 zephyr/drivers/serial/libdrivers__serial.a(uart_nrfx_uarte.c.obj)
 .text.uarte_nrfx_isr_int
                0x000000000000a9f4       0x72 zephyr/drivers/serial/libdrivers__serial.a(uart_nrfx_uarte.c.obj)
 .text.sys_clock_idle_exit
                0x000000000000aa66        0x2 zephyr/drivers/timer/libdrivers__timer.a(sys_clock_init.c.obj)
                0x000000000000aa66                sys_clock_idle_exit
 .text.sys_clock_cycle_get_32
                0x000000000000aa68        0x8 zephyr/drivers/timer/libdrivers__timer.a(nrf_rtc_timer.c.obj)
                0x000000000000aa68                sys_clock_cycle_get_32
 .text.hw_cc3xx_init_internal
                0x000000000000aa70        0x4 modules/nrf/drivers/hw_cc310/lib..__nrf__drivers__hw_cc310.a(hw_cc310.c.obj)
 .text.hw_cc3xx_init
                0x000000000000aa74       0x12 modules/nrf/drivers/hw_cc310/lib..__nrf__drivers__hw_cc310.a(hw_cc310.c.obj)
 .text.nrfx_isr
                0x000000000000aa86        0x2 modules/hal_nordic/nrfx/libmodules__hal_nordic__nrfx.a(nrfx_glue.c.obj)
                0x000000000000aa86                nrfx_isr
 .text.nrfx_busy_wait
                0x000000000000aa88        0x4 modules/hal_nordic/nrfx/libmodules__hal_nordic__nrfx.a(nrfx_glue.c.obj)
                0x000000000000aa88                nrfx_busy_wait
 .text.nrf_gpio_pin_present_check
                0x000000000000aa8c       0x22 modules/hal_nordic/nrfx/libmodules__hal_nordic__nrfx.a(nrfx_gpiote.c.obj)
 .text.pin_is_task_output
                0x000000000000aaae       0x16 modules/hal_nordic/nrfx/libmodules__hal_nordic__nrfx.a(nrfx_gpiote.c.obj)
 .text.nrf_gpio_reconfigure
                0x000000000000aac4       0x9a modules/hal_nordic/nrfx/libmodules__hal_nordic__nrfx.a(nrfx_gpiote.c.obj)
 .text.nrf_gpio_cfg_sense_set
                0x000000000000ab5e       0x1e modules/hal_nordic/nrfx/libmodules__hal_nordic__nrfx.a(nrfx_gpiote.c.obj)
 .text.start_playback
                0x000000000000ab7c       0x4a modules/hal_nordic/nrfx/libmodules__hal_nordic__nrfx.a(nrfx_pwm.c.obj)
 .text.SEGGER_RTT_Init
                0x000000000000abc6        0x4 modules/segger/libmodules__segger.a(SEGGER_RTT.c.obj)
                0x000000000000abc6                SEGGER_RTT_Init
 .text.rtt_init
                0x000000000000abca        0xa modules/segger/libmodules__segger.a(SEGGER_RTT_zephyr.c.obj)
 .text.z_device_state_init
                0x000000000000abd4        0x2 zephyr/kernel/libkernel.a(device.c.obj)
                0x000000000000abd4                z_device_state_init
 .text.z_device_is_ready
                0x000000000000abd6       0x16 zephyr/kernel/libkernel.a(device.c.obj)
                0x000000000000abd6                z_device_is_ready
 .text.z_log_msg_runtime_create.constprop.0
                0x000000000000abec       0x20 zephyr/kernel/libkernel.a(fatal.c.obj)
 .text.z_early_memset
                0x000000000000ac0c        0x4 zephyr/kernel/libkernel.a(init.c.obj)
                0x000000000000ac0c                z_early_memset
 .text.z_early_memcpy
                0x000000000000ac10        0x4 zephyr/kernel/libkernel.a(init.c.obj)
                0x000000000000ac10                z_early_memcpy
 .text.create_free_list
                0x000000000000ac14       0x2c zephyr/kernel/libkernel.a(mem_slab.c.obj)
 .text.k_mem_slab_init
                0x000000000000ac40       0x1e zephyr/kernel/libkernel.a(mem_slab.c.obj)
                0x000000000000ac40                k_mem_slab_init
 .text.k_is_in_isr
                0x000000000000ac5e        0xc zephyr/kernel/libkernel.a(thread.c.obj)
                0x000000000000ac5e                k_is_in_isr
 .text.z_impl_k_thread_name_set
                0x000000000000ac6a        0x6 zephyr/kernel/libkernel.a(thread.c.obj)
                0x000000000000ac6a                z_impl_k_thread_name_set
 .text.k_thread_name_get
                0x000000000000ac70        0x4 zephyr/kernel/libkernel.a(thread.c.obj)
                0x000000000000ac70                k_thread_name_get
 .text.z_impl_k_thread_start
                0x000000000000ac74        0x4 zephyr/kernel/libkernel.a(thread.c.obj)
                0x000000000000ac74                z_impl_k_thread_start
 .text.z_pm_save_idle_exit
                0x000000000000ac78        0xe zephyr/kernel/libkernel.a(idle.c.obj)
                0x000000000000ac78                z_pm_save_idle_exit
 .text.adjust_owner_prio.isra.0
                0x000000000000ac86       0x10 zephyr/kernel/libkernel.a(mutex.c.obj)
 .text.z_impl_k_mutex_init
                0x000000000000ac96        0xe zephyr/kernel/libkernel.a(mutex.c.obj)
                0x000000000000ac96                z_impl_k_mutex_init
 .text.z_reschedule_irqlock
                0x000000000000aca4       0x18 zephyr/kernel/libkernel.a(sched.c.obj)
                0x000000000000aca4                z_reschedule_irqlock
 .text.z_reschedule_unlocked
                0x000000000000acbc       0x14 zephyr/kernel/libkernel.a(sched.c.obj)
 .text.z_thread_timeout
                0x000000000000acd0        0x8 zephyr/kernel/libkernel.a(sched.c.obj)
                0x000000000000acd0                z_thread_timeout
 .text.sys_clock_tick_get_32
                0x000000000000acd8        0x8 zephyr/kernel/libkernel.a(timeout.c.obj)
                0x000000000000acd8                sys_clock_tick_get_32
 .text.z_impl_k_uptime_ticks
                0x000000000000ace0        0x4 zephyr/kernel/libkernel.a(timeout.c.obj)
                0x000000000000ace0                z_impl_k_uptime_ticks
 .text.z_impl_k_busy_wait
                0x000000000000ace4        0x8 zephyr/kernel/libkernel.a(timeout.c.obj)
                0x000000000000ace4                z_impl_k_busy_wait
 .text.z_impl_k_timer_stop
                0x000000000000acec       0x3a zephyr/kernel/libkernel.a(timer.c.obj)
                0x000000000000acec                z_impl_k_timer_stop
 .text.signal_poll_event
                0x000000000000ad26       0xb4 zephyr/kernel/libkernel.a(poll.c.obj)
 .text.z_handle_obj_poll_events
                0x000000000000adda       0x1c zephyr/kernel/libkernel.a(poll.c.obj)
                0x000000000000adda                z_handle_obj_poll_events
 .text.boot_banner
                0x000000000000adf6        0x2 zephyr/kernel/libkernel.a(banner.c.obj)
                0x000000000000adf6                boot_banner
 .text.flag_test_and_clear
                0x000000000000adf8       0x16 zephyr/kernel/libkernel.a(work.c.obj)
 .text.notify_queue_locked.isra.0
                0x000000000000ae0e        0xe zephyr/kernel/libkernel.a(work.c.obj)
 .text._OffsetAbsSyms
                0x000000000000ae1c        0x2 zephyr/CMakeFiles/offsets.dir/./arch/arm/core/offsets/offsets.c.obj
                0x000000000000ae1c                _OffsetAbsSyms
 .text.memcpy   0x000000000000ae1e       0x1c C:/ncs/toolchains/31f4403e35/opt/zephyr-sdk/arm-zephyr-eabi/arm-zephyr-eabi/lib/thumb/v7e-m/nofp\libc_nano.a(lib_a-memcpy-stub.o)
                0x000000000000ae1e                memcpy
 .text.memset   0x000000000000ae3a       0x10 C:/ncs/toolchains/31f4403e35/opt/zephyr-sdk/arm-zephyr-eabi/arm-zephyr-eabi/lib/thumb/v7e-m/nofp\libc_nano.a(lib_a-memset.o)
                0x000000000000ae3a                memset
 .text.strnlen  0x000000000000ae4a       0x18 C:/ncs/toolchains/31f4403e35/opt/zephyr-sdk/arm-zephyr-eabi/arm-zephyr-eabi/lib/thumb/v7e-m/nofp\libc_nano.a(lib_a-strnlen.o)
                0x000000000000ae4a                strnlen
 *(SORT_BY_ALIGNMENT(.TEXT.*))
 *(SORT_BY_ALIGNMENT(.gnu.linkonce.t.*))
 *(SORT_BY_ALIGNMENT(.glue_7t))
 .glue_7t       0x000000000000ae62        0x0 linker stubs
 *(SORT_BY_ALIGNMENT(.glue_7))
 .glue_7        0x000000000000ae62        0x0 linker stubs
 *(SORT_BY_ALIGNMENT(.vfp11_veneer))
 .vfp11_veneer  0x000000000000ae62        0x0 linker stubs
 *(SORT_BY_ALIGNMENT(.v4_bx))
 .v4_bx         0x000000000000ae62        0x0 linker stubs
                0x000000000000ae64                . = ALIGN (0x4)
 *fill*         0x000000000000ae62        0x2 
                0x000000000000ae64                __text_region_end = .

.ARM.exidx      0x000000000000ae64        0x8
                0x000000000000ae64                __exidx_start = .
 *(SORT_BY_ALIGNMENT(.ARM.exidx*) SORT_BY_ALIGNMENT(gnu.linkonce.armexidx.*))
 .ARM.exidx     0x000000000000ae64        0x8 c:/ncs/toolchains/31f4403e35/opt/zephyr-sdk/arm-zephyr-eabi/bin/../lib/gcc/arm-zephyr-eabi/12.2.0/thumb/v7e-m/nofp\libgcc.a(_udivmoddi4.o)
                0x000000000000ae6c                __exidx_end = .
                0x000000000000ae6c                __rodata_region_start = .

initlevel       0x000000000000ae6c       0x80
                0x000000000000ae6c                __init_start = .
                0x000000000000ae6c                __init_EARLY_start = .
 *(SORT_BY_NAME(SORT_BY_ALIGNMENT(.z_init_EARLY[0-9]_*)))
 *(SORT_BY_NAME(SORT_BY_ALIGNMENT(.z_init_EARLY[1-9][0-9]_*)))
                0x000000000000ae6c                __init_PRE_KERNEL_1_start = .
 *(SORT_BY_NAME(SORT_BY_ALIGNMENT(.z_init_PRE_KERNEL_1[0-9]_*)))
 .z_init_PRE_KERNEL_10_
                0x000000000000ae6c        0x8 zephyr/soc/arm/nordic_nrf/nrf52/libsoc__arm__nordic_nrf__nrf52.a(soc.c.obj)
 *(SORT_BY_NAME(SORT_BY_ALIGNMENT(.z_init_PRE_KERNEL_1[1-9][0-9]_*)))
 .z_init_PRE_KERNEL_130_
                0x000000000000ae74        0x8 zephyr/drivers/clock_control/libdrivers__clock_control.a(clock_control_nrf.c.obj)
 .z_init_PRE_KERNEL_130_
                0x000000000000ae7c        0x8 modules/segger/libmodules__segger.a(SEGGER_RTT_zephyr.c.obj)
 .z_init_PRE_KERNEL_130_
                0x000000000000ae84        0x8 zephyr/kernel/libkernel.a(mem_slab.c.obj)
 .z_init_PRE_KERNEL_140_
                0x000000000000ae8c       0x10 zephyr/drivers/gpio/libdrivers__gpio.a(gpio_nrfx.c.obj)
 .z_init_PRE_KERNEL_140_
                0x000000000000ae9c        0x8 modules/nrf/drivers/hw_cc310/lib..__nrf__drivers__hw_cc310.a(hw_cc310.c.obj)
 .z_init_PRE_KERNEL_155_
                0x000000000000aea4        0x8 zephyr/drivers/serial/libdrivers__serial.a(uart_nrfx_uarte.c.obj)
                0x000000000000aeac                __init_PRE_KERNEL_2_start = .
 *(SORT_BY_NAME(SORT_BY_ALIGNMENT(.z_init_PRE_KERNEL_2[0-9]_*)))
 .z_init_PRE_KERNEL_20_
                0x000000000000aeac        0x8 zephyr/drivers/timer/libdrivers__timer.a(nrf_rtc_timer.c.obj)
 *(SORT_BY_NAME(SORT_BY_ALIGNMENT(.z_init_PRE_KERNEL_2[1-9][0-9]_*)))
                0x000000000000aeb4                __init_POST_KERNEL_start = .
 *(SORT_BY_NAME(SORT_BY_ALIGNMENT(.z_init_POST_KERNEL[0-9]_*)))
 .z_init_POST_KERNEL0_
                0x000000000000aeb4        0x8 zephyr/libzephyr.a(log_core.c.obj)
 *(SORT_BY_NAME(SORT_BY_ALIGNMENT(.z_init_POST_KERNEL[1-9][0-9]_*)))
 .z_init_POST_KERNEL40_
                0x000000000000aebc        0x8 zephyr/lib/libc/newlib/liblib__libc__newlib.a(libc-hooks.c.obj)
 .z_init_POST_KERNEL40_
                0x000000000000aec4        0x8 modules/nrf/drivers/hw_cc310/lib..__nrf__drivers__hw_cc310.a(hw_cc310.c.obj)
 .z_init_POST_KERNEL40_
                0x000000000000aecc        0x8 zephyr/kernel/libkernel.a(system_work_q.c.obj)
 .z_init_POST_KERNEL50_
                0x000000000000aed4        0x8 zephyr/drivers/adc/libdrivers__adc.a(adc_nrfx_saadc.c.obj)
 .z_init_POST_KERNEL50_
                0x000000000000aedc        0x8 zephyr/drivers/pwm/libdrivers__pwm.a(pwm_nrfx.c.obj)
 .z_init_POST_KERNEL60_
                0x000000000000aee4        0x8 zephyr/drivers/console/libdrivers__console.a(uart_console.c.obj)
                0x000000000000aeec                __init_APPLICATION_start = .
 *(SORT_BY_NAME(SORT_BY_ALIGNMENT(.z_init_APPLICATION[0-9]_*)))
 *(SORT_BY_NAME(SORT_BY_ALIGNMENT(.z_init_APPLICATION[1-9][0-9]_*)))
                0x000000000000aeec                __init_SMP_start = .
 *(SORT_BY_NAME(SORT_BY_ALIGNMENT(.z_init_SMP[0-9]_*)))
 *(SORT_BY_NAME(SORT_BY_ALIGNMENT(.z_init_SMP[1-9][0-9]_*)))
                0x000000000000aeec                __init_end = .

devices         0x000000000000aeec       0x90
                0x000000000000aeec                __device_start = .
                0x000000000000aeec                __device_EARLY_start = .
 *(SORT_BY_NAME(SORT_BY_ALIGNMENT(.z_device_EARLY[0-9]_*)))
 *(SORT_BY_NAME(SORT_BY_ALIGNMENT(.z_device_EARLY[1-9][0-9]_*)))
                0x000000000000aeec                __device_PRE_KERNEL_1_start = .
 *(SORT_BY_NAME(SORT_BY_ALIGNMENT(.z_device_PRE_KERNEL_1[0-9]_*)))
 *(SORT_BY_NAME(SORT_BY_ALIGNMENT(.z_device_PRE_KERNEL_1[1-9][0-9]_*)))
 .z_device_PRE_KERNEL_130_
                0x000000000000aeec       0x18 zephyr/drivers/clock_control/libdrivers__clock_control.a(clock_control_nrf.c.obj)
                0x000000000000aeec                __device_dts_ord_78
 .z_device_PRE_KERNEL_140_
                0x000000000000af04       0x30 zephyr/drivers/gpio/libdrivers__gpio.a(gpio_nrfx.c.obj)
                0x000000000000af04                __device_dts_ord_108
                0x000000000000af1c                __device_dts_ord_13
 .z_device_PRE_KERNEL_155_
                0x000000000000af34       0x18 zephyr/drivers/serial/libdrivers__serial.a(uart_nrfx_uarte.c.obj)
                0x000000000000af34                __device_dts_ord_116
                0x000000000000af4c                __device_PRE_KERNEL_2_start = .
 *(SORT_BY_NAME(SORT_BY_ALIGNMENT(.z_device_PRE_KERNEL_2[0-9]_*)))
 *(SORT_BY_NAME(SORT_BY_ALIGNMENT(.z_device_PRE_KERNEL_2[1-9][0-9]_*)))
                0x000000000000af4c                __device_POST_KERNEL_start = .
 *(SORT_BY_NAME(SORT_BY_ALIGNMENT(.z_device_POST_KERNEL[0-9]_*)))
 *(SORT_BY_NAME(SORT_BY_ALIGNMENT(.z_device_POST_KERNEL[1-9][0-9]_*)))
 .z_device_POST_KERNEL50_
                0x000000000000af4c       0x18 zephyr/drivers/adc/libdrivers__adc.a(adc_nrfx_saadc.c.obj)
                0x000000000000af4c                __device_dts_ord_10
 .z_device_POST_KERNEL50_
                0x000000000000af64       0x18 zephyr/drivers/pwm/libdrivers__pwm.a(pwm_nrfx.c.obj)
                0x000000000000af64                __device_dts_ord_74
                0x000000000000af7c                __device_APPLICATION_start = .
 *(SORT_BY_NAME(SORT_BY_ALIGNMENT(.z_device_APPLICATION[0-9]_*)))
 *(SORT_BY_NAME(SORT_BY_ALIGNMENT(.z_device_APPLICATION[1-9][0-9]_*)))
                0x000000000000af7c                __device_SMP_start = .
 *(SORT_BY_NAME(SORT_BY_ALIGNMENT(.z_device_SMP[0-9]_*)))
 *(SORT_BY_NAME(SORT_BY_ALIGNMENT(.z_device_SMP[1-9][0-9]_*)))
                0x000000000000af7c                __device_end = .

sw_isr_table    0x000000000000af7c      0x180
                0x000000000000af7c                . = ALIGN (0x4)
 *(SORT_BY_ALIGNMENT(.gnu.linkonce.sw_isr_table*))
 .gnu.linkonce.sw_isr_table
                0x000000000000af7c      0x180 zephyr/CMakeFiles/zephyr_final.dir/isr_tables.c.obj
                0x000000000000af7c                _sw_isr_table

initlevel_error
                0x000000000000ae6c        0x0
 *(SORT_BY_NAME(SORT_BY_ALIGNMENT(.z_init_[_A-Z0-9]*)))
                0x0000000000000001                ASSERT ((SIZEOF (initlevel_error) == 0x0), Undefined initialization levels used.)

app_shmem_regions
                0x000000000000b0fc        0x0
                0x000000000000b0fc                __app_shmem_regions_start = .
 *(SORT_BY_NAME(SORT_BY_ALIGNMENT(.app_regions.*)))
                0x000000000000b0fc                __app_shmem_regions_end = .

k_p4wq_initparam_area
                0x000000000000b0fc        0x0
                0x000000000000b0fc                _k_p4wq_initparam_list_start = .
 *(SORT_BY_NAME(SORT_BY_ALIGNMENT(._k_p4wq_initparam.static.*)))
                0x000000000000b0fc                _k_p4wq_initparam_list_end = .

_static_thread_data_area
                0x000000000000b0fc        0x0
                0x000000000000b0fc                __static_thread_data_list_start = .
 *(SORT_BY_NAME(SORT_BY_ALIGNMENT(.__static_thread_data.static.*)))
                0x000000000000b0fc                __static_thread_data_list_end = .

device_handles  0x000000000000b0fc       0x24
                0x000000000000b0fc                __device_handles_start = .
 *(SORT_BY_NAME(SORT_BY_ALIGNMENT(.__device_handles_pass2*)))
 .__device_handles_pass2
                0x000000000000b0fc       0x24 zephyr/CMakeFiles/zephyr_final.dir/dev_handles.c.obj
                0x000000000000b0fc                __devicehdl_dts_ord_74
                0x000000000000b102                __devicehdl_dts_ord_10
                0x000000000000b108                __devicehdl_dts_ord_116
                0x000000000000b10e                __devicehdl_dts_ord_13
                0x000000000000b114                __devicehdl_dts_ord_108
                0x000000000000b11a                __devicehdl_dts_ord_78
                0x000000000000b120                __device_handles_end = .

ztest           0x000000000000b120        0x0
                0x000000000000b120                _ztest_expected_result_entry_list_start = .
 *(SORT_BY_NAME(SORT_BY_ALIGNMENT(._ztest_expected_result_entry.static.*)))
                0x000000000000b120                _ztest_expected_result_entry_list_end = .
                0x000000000000b120                _ztest_suite_node_list_start = .
 *(SORT_BY_NAME(SORT_BY_ALIGNMENT(._ztest_suite_node.static.*)))
                0x000000000000b120                _ztest_suite_node_list_end = .
                0x000000000000b120                _ztest_unit_test_list_start = .
 *(SORT_BY_NAME(SORT_BY_ALIGNMENT(._ztest_unit_test.static.*)))
                0x000000000000b120                _ztest_unit_test_list_end = .
                0x000000000000b120                _ztest_test_rule_list_start = .
 *(SORT_BY_NAME(SORT_BY_ALIGNMENT(._ztest_test_rule.static.*)))
                0x000000000000b120                _ztest_test_rule_list_end = .

bt_l2cap_fixed_chan_area
                0x000000000000b120        0x0
                0x000000000000b120                _bt_l2cap_fixed_chan_list_start = .
 *(SORT_BY_NAME(SORT_BY_ALIGNMENT(._bt_l2cap_fixed_chan.static.*)))
                0x000000000000b120                _bt_l2cap_fixed_chan_list_end = .

bt_gatt_service_static_area
                0x000000000000b120        0x0
                0x000000000000b120                _bt_gatt_service_static_list_start = .
 *(SORT_BY_NAME(SORT_BY_ALIGNMENT(._bt_gatt_service_static.static.*)))
                0x000000000000b120                _bt_gatt_service_static_list_end = .

log_strings_sections
                0x000000000000b120        0x0
                0x000000000000b120                __log_strings_start = .
 *(SORT_BY_NAME(SORT_BY_ALIGNMENT(.log_strings*)))
                0x000000000000b120                __log_strings_end = .

log_const_sections
                0x000000000000b120       0x98
                0x000000000000b120                __log_const_start = .
 *(SORT_BY_NAME(SORT_BY_ALIGNMENT(.log_const_*)))
 .log_const_NRFX_CLOCK
                0x000000000000b120        0x8 modules/hal_nordic/nrfx/libmodules__hal_nordic__nrfx.a(nrfx_clock.c.obj)
                0x000000000000b120                log_const_NRFX_CLOCK
 .log_const_NRFX_GPIOTE
                0x000000000000b128        0x8 modules/hal_nordic/nrfx/libmodules__hal_nordic__nrfx.a(nrfx_gpiote.c.obj)
                0x000000000000b128                log_const_NRFX_GPIOTE
 .log_const_NRFX_NRFX_LOG_MODULE
                0x000000000000b130        0x8 app/libapp.a(main.c.obj)
                0x000000000000b130                log_const_NRFX_NRFX_LOG_MODULE
 .log_const_NRFX_PPI
                0x000000000000b138        0x8 modules/hal_nordic/nrfx/libmodules__hal_nordic__nrfx.a(nrfx_ppi.c.obj)
                0x000000000000b138                log_const_NRFX_PPI
 .log_const_NRFX_PWM
                0x000000000000b140        0x8 modules/hal_nordic/nrfx/libmodules__hal_nordic__nrfx.a(nrfx_pwm.c.obj)
                0x000000000000b140                log_const_NRFX_PWM
 .log_const_NRFX_SAADC
                0x000000000000b148        0x8 modules/hal_nordic/nrfx/libmodules__hal_nordic__nrfx.a(nrfx_saadc.c.obj)
                0x000000000000b148                log_const_NRFX_SAADC
 .log_const_adc_nrfx_saadc
                0x000000000000b150        0x8 zephyr/drivers/adc/libdrivers__adc.a(adc_nrfx_saadc.c.obj)
                0x000000000000b150                log_const_adc_nrfx_saadc
 .log_const_cbprintf_package
                0x000000000000b158        0x8 zephyr/libzephyr.a(cbprintf_packaged.c.obj)
                0x000000000000b158                log_const_cbprintf_package
 .log_const_clock_control
                0x000000000000b160        0x8 zephyr/drivers/clock_control/libdrivers__clock_control.a(clock_control_nrf.c.obj)
                0x000000000000b160                log_const_clock_control
 .log_const_fatal_error
                0x000000000000b168        0x8 modules/nrf/lib/fatal_error/lib..__nrf__lib__fatal_error.a(fatal_error.c.obj)
                0x000000000000b168                log_const_fatal_error
 .log_const_log
                0x000000000000b170        0x8 zephyr/libzephyr.a(log_core.c.obj)
                0x000000000000b170                log_const_log
 .log_const_log_mgmt
                0x000000000000b178        0x8 zephyr/libzephyr.a(log_mgmt.c.obj)
                0x000000000000b178                log_const_log_mgmt
 .log_const_log_uart
                0x000000000000b180        0x8 zephyr/libzephyr.a(log_backend_uart.c.obj)
                0x000000000000b180                log_const_log_uart
 .log_const_mpu
                0x000000000000b188        0x8 zephyr/arch/arch/arm/core/aarch32/mpu/libarch__arm__core__aarch32__mpu.a(arm_core_mpu.c.obj)
                0x000000000000b188                log_const_mpu
 .log_const_os  0x000000000000b190        0x8 zephyr/kernel/libkernel.a(init.c.obj)
                0x000000000000b190                log_const_os
 .log_const_pm  0x000000000000b198        0x8 zephyr/libzephyr.a(pm.c.obj)
                0x000000000000b198                log_const_pm
 .log_const_pwm_nrfx
                0x000000000000b1a0        0x8 zephyr/drivers/pwm/libdrivers__pwm.a(pwm_nrfx.c.obj)
                0x000000000000b1a0                log_const_pwm_nrfx
 .log_const_soc
                0x000000000000b1a8        0x8 zephyr/soc/arm/nordic_nrf/nrf52/libsoc__arm__nordic_nrf__nrf52.a(soc.c.obj)
                0x000000000000b1a8                log_const_soc
 .log_const_uart_nrfx_uarte
                0x000000000000b1b0        0x8 zephyr/drivers/serial/libdrivers__serial.a(uart_nrfx_uarte.c.obj)
                0x000000000000b1b0                log_const_uart_nrfx_uarte
                0x000000000000b1b8                __log_const_end = .

log_backend_area
                0x000000000000b1b8       0x20
                0x000000000000b1b8                _log_backend_list_start = .
 *(SORT_BY_NAME(SORT_BY_ALIGNMENT(._log_backend.static.*)))
 ._log_backend.static.log_backend_rtt
                0x000000000000b1b8       0x10 zephyr/libzephyr.a(log_backend_rtt.c.obj)
 ._log_backend.static.log_backend_uart
                0x000000000000b1c8       0x10 zephyr/libzephyr.a(log_backend_uart.c.obj)
                0x000000000000b1d8                _log_backend_list_end = .

log_link_area   0x000000000000b1d8        0x0
                0x000000000000b1d8                _log_link_list_start = .
 *(SORT_BY_NAME(SORT_BY_ALIGNMENT(._log_link.static.*)))
                0x000000000000b1d8                _log_link_list_end = .

tracing_backend_area
                0x000000000000b1d8        0x0
                0x000000000000b1d8                _tracing_backend_list_start = .
 *(SORT_BY_NAME(SORT_BY_ALIGNMENT(._tracing_backend.static.*)))
                0x000000000000b1d8                _tracing_backend_list_end = .

zephyr_dbg_info
 *(SORT_BY_ALIGNMENT(.dbg_thread_info))

symbol_to_keep  0x000000000000b1d8        0x0
                0x000000000000b1d8                __symbol_to_keep_start = .
 *(SORT_BY_NAME(SORT_BY_ALIGNMENT(.symbol_to_keep*)))
                0x000000000000b1d8                __symbol_to_keep_end = .

shell_area      0x000000000000b1d8        0x0
                0x000000000000b1d8                _shell_list_start = .
 *(SORT_BY_NAME(SORT_BY_ALIGNMENT(._shell.static.*)))
                0x000000000000b1d8                _shell_list_end = .

shell_root_cmds_sections
                0x000000000000b1d8        0x0
                0x000000000000b1d8                __shell_root_cmds_start = .
 *(SORT_BY_NAME(SORT_BY_ALIGNMENT(.shell_root_cmd_*)))
                0x000000000000b1d8                __shell_root_cmds_end = .

shell_subcmds_sections
                0x000000000000b1d8        0x0
                0x000000000000b1d8                __shell_subcmds_start = .
 *(SORT_BY_NAME(SORT_BY_ALIGNMENT(.shell_subcmd_*)))
                0x000000000000b1d8                __shell_subcmds_end = .

shell_dynamic_subcmds_sections
                0x000000000000b1d8        0x0
                0x000000000000b1d8                __shell_dynamic_subcmds_start = .
 *(SORT_BY_NAME(SORT_BY_ALIGNMENT(.shell_dynamic_subcmd_*)))
                0x000000000000b1d8                __shell_dynamic_subcmds_end = .

font_entry_sections
                0x000000000000b1d8        0x0
                0x000000000000b1d8                __font_entry_start = .
 *(SORT_BY_NAME(SORT_BY_ALIGNMENT(._cfb_font.*)))
                0x000000000000b1d8                __font_entry_end = .

rodata          0x000000000000b1e0     0x2508
 *(SORT_BY_ALIGNMENT(.rodata))
 .rodata        0x000000000000b1e0        0xa app/libapp.a(main.c.obj)
 *(SORT_BY_ALIGNMENT(.rodata.*))
 *fill*         0x000000000000b1ea        0x6 
 .rodata.delay_machine_code.0
                0x000000000000b1f0        0x6 zephyr/soc/arm/nordic_nrf/nrf52/libsoc__arm__nordic_nrf__nrf52.a(soc.c.obj)
 *fill*         0x000000000000b1f6        0x2 
 .rodata.sensor_power_spec2